Archive member included to satisfy reference by file (symbol)

E:\AI_test_01\Middlewares\ST\AI\AI\lib/network_runtime.a(ai_platform_interface.o)
                              Middlewares/ST/AI/AI/src/network.o (ai_platform_api_get_version)
E:\AI_test_01\Middlewares\ST\AI\AI\lib/network_runtime.a(core_common.o)
                              E:\AI_test_01\Middlewares\ST\AI\AI\lib/network_runtime.a(ai_platform_interface.o) (core_get_error)
E:\AI_test_01\Middlewares\ST\AI\AI\lib/network_runtime.a(layers.o)
                              E:\AI_test_01\Middlewares\ST\AI\AI\lib/network_runtime.a(ai_platform_interface.o) (ai_check_custom_types)
E:\AI_test_01\Middlewares\ST\AI\AI\lib/network_runtime.a(layers_conv2d_generic_float.o)
                              Middlewares/ST/AI/AI/src/network.o (forward_conv2d_nl_pool)
E:\AI_test_01\Middlewares\ST\AI\AI\lib/network_runtime.a(layers_nl_generic_float.o)
                              Middlewares/ST/AI/AI/src/network.o (forward_sm)
E:\AI_test_01\Middlewares\ST\AI\AI\lib/network_runtime.a(layers_pool_generic_float.o)
                              Middlewares/ST/AI/AI/src/network.o (pool_func_mp_array_f32)
E:\AI_test_01\Middlewares\ST\AI\AI\lib/network_runtime.a(ai_math_helpers.o)
                              E:\AI_test_01\Middlewares\ST\AI\AI\lib/network_runtime.a(layers_conv2d_generic_float.o) (ai_math_dot_array)
c:/ac6/systemworkbench/plugins/fr.ac6.mcu.externaltools.arm-none.win32_1.17.0.201812190825/tools/compiler/bin/../lib/gcc/arm-none-eabi/7.3.1/../../../../arm-none-eabi/lib/thumb/v7e-m/fpv4-sp/hard\libm.a(lib_a-sf_tanh.o)
                              E:\AI_test_01\Middlewares\ST\AI\AI\lib/network_runtime.a(layers_nl_generic_float.o) (tanhf)
c:/ac6/systemworkbench/plugins/fr.ac6.mcu.externaltools.arm-none.win32_1.17.0.201812190825/tools/compiler/bin/../lib/gcc/arm-none-eabi/7.3.1/../../../../arm-none-eabi/lib/thumb/v7e-m/fpv4-sp/hard\libm.a(lib_a-wf_exp.o)
                              E:\AI_test_01\Middlewares\ST\AI\AI\lib/network_runtime.a(layers_nl_generic_float.o) (expf)
c:/ac6/systemworkbench/plugins/fr.ac6.mcu.externaltools.arm-none.win32_1.17.0.201812190825/tools/compiler/bin/../lib/gcc/arm-none-eabi/7.3.1/../../../../arm-none-eabi/lib/thumb/v7e-m/fpv4-sp/hard\libm.a(lib_a-wf_pow.o)
                              E:\AI_test_01\Middlewares\ST\AI\AI\lib/network_runtime.a(ai_math_helpers.o) (powf)
c:/ac6/systemworkbench/plugins/fr.ac6.mcu.externaltools.arm-none.win32_1.17.0.201812190825/tools/compiler/bin/../lib/gcc/arm-none-eabi/7.3.1/../../../../arm-none-eabi/lib/thumb/v7e-m/fpv4-sp/hard\libm.a(lib_a-wf_sqrt.o)
                              Src/HAR/har_Preprocessing.o (sqrtf)
c:/ac6/systemworkbench/plugins/fr.ac6.mcu.externaltools.arm-none.win32_1.17.0.201812190825/tools/compiler/bin/../lib/gcc/arm-none-eabi/7.3.1/../../../../arm-none-eabi/lib/thumb/v7e-m/fpv4-sp/hard\libm.a(lib_a-ef_exp.o)
                              c:/ac6/systemworkbench/plugins/fr.ac6.mcu.externaltools.arm-none.win32_1.17.0.201812190825/tools/compiler/bin/../lib/gcc/arm-none-eabi/7.3.1/../../../../arm-none-eabi/lib/thumb/v7e-m/fpv4-sp/hard\libm.a(lib_a-wf_exp.o) (__ieee754_expf)
c:/ac6/systemworkbench/plugins/fr.ac6.mcu.externaltools.arm-none.win32_1.17.0.201812190825/tools/compiler/bin/../lib/gcc/arm-none-eabi/7.3.1/../../../../arm-none-eabi/lib/thumb/v7e-m/fpv4-sp/hard\libm.a(lib_a-ef_pow.o)
                              c:/ac6/systemworkbench/plugins/fr.ac6.mcu.externaltools.arm-none.win32_1.17.0.201812190825/tools/compiler/bin/../lib/gcc/arm-none-eabi/7.3.1/../../../../arm-none-eabi/lib/thumb/v7e-m/fpv4-sp/hard\libm.a(lib_a-wf_pow.o) (__ieee754_powf)
c:/ac6/systemworkbench/plugins/fr.ac6.mcu.externaltools.arm-none.win32_1.17.0.201812190825/tools/compiler/bin/../lib/gcc/arm-none-eabi/7.3.1/../../../../arm-none-eabi/lib/thumb/v7e-m/fpv4-sp/hard\libm.a(lib_a-ef_sqrt.o)
                              c:/ac6/systemworkbench/plugins/fr.ac6.mcu.externaltools.arm-none.win32_1.17.0.201812190825/tools/compiler/bin/../lib/gcc/arm-none-eabi/7.3.1/../../../../arm-none-eabi/lib/thumb/v7e-m/fpv4-sp/hard\libm.a(lib_a-wf_sqrt.o) (__ieee754_sqrtf)
c:/ac6/systemworkbench/plugins/fr.ac6.mcu.externaltools.arm-none.win32_1.17.0.201812190825/tools/compiler/bin/../lib/gcc/arm-none-eabi/7.3.1/../../../../arm-none-eabi/lib/thumb/v7e-m/fpv4-sp/hard\libm.a(lib_a-s_lib_ver.o)
                              c:/ac6/systemworkbench/plugins/fr.ac6.mcu.externaltools.arm-none.win32_1.17.0.201812190825/tools/compiler/bin/../lib/gcc/arm-none-eabi/7.3.1/../../../../arm-none-eabi/lib/thumb/v7e-m/fpv4-sp/hard\libm.a(lib_a-wf_exp.o) (__fdlib_version)
c:/ac6/systemworkbench/plugins/fr.ac6.mcu.externaltools.arm-none.win32_1.17.0.201812190825/tools/compiler/bin/../lib/gcc/arm-none-eabi/7.3.1/../../../../arm-none-eabi/lib/thumb/v7e-m/fpv4-sp/hard\libm.a(lib_a-s_matherr.o)
[...]
Memory Configuration

Name             Origin             Length             Attributes
RAM              0x20000000         0x00030000         xrw
CCMRAM           0x10000000         0x00010000         rw
FLASH            0x08000000         0x00200000         xr
*default*        0x00000000         0xffffffff

Linker script and memory map

LOAD c:/ac6/systemworkbench/plugins/fr.ac6.mcu.externaltools.arm-none.win32_1.17.0.201812190825/tools/compiler/bin/../lib/gcc/arm-none-eabi/7.3.1/thumb/v7e-m/fpv4-sp/hard/crti.o
LOAD c:/ac6/systemworkbench/plugins/fr.ac6.mcu.externaltools.arm-none.win32_1.17.0.201812190825/tools/compiler/bin/../lib/gcc/arm-none-eabi/7.3.1/thumb/v7e-m/fpv4-sp/hard/crtbegin.o
LOAD c:/ac6/systemworkbench/plugins/fr.ac6.mcu.externaltools.arm-none.win32_1.17.0.201812190825/tools/compiler/bin/../lib/gcc/arm-none-eabi/7.3.1/../../../../arm-none-eabi/lib/thumb/v7e-m/fpv4-sp/hard/crt0.o
LOAD Drivers/CMSIS/DSP/Source/BasicMathFunctions/arm_dot_prod_f32.o
LOAD Drivers/LSM6DSO/lsm6dso_reg.o
LOAD Drivers/STM32F4xx_HAL_Driver/Src/stm32f4xx_hal.o
LOAD Drivers/STM32F4xx_HAL_Driver/Src/stm32f4xx_hal_cortex.o
LOAD Drivers/STM32F4xx_HAL_Driver/Src/stm32f4xx_hal_crc.o
LOAD Drivers/STM32F4xx_HAL_Driver/Src/stm32f4xx_hal_dma.o
LOAD Drivers/STM32F4xx_HAL_Driver/Src/stm32f4xx_hal_dma_ex.o
LOAD Drivers/STM32F4xx_HAL_Driver/Src/stm32f4xx_hal_exti.o
LOAD Drivers/STM32F4xx_HAL_Driver/Src/stm32f4xx_hal_flash.o
LOAD Drivers/STM32F4xx_HAL_Driver/Src/stm32f4xx_hal_flash_ex.o
LOAD Drivers/STM32F4xx_HAL_Driver/Src/stm32f4xx_hal_flash_ramfunc.o
LOAD Drivers/STM32F4xx_HAL_Driver/Src/stm32f4xx_hal_gpio.o
LOAD Drivers/STM32F4xx_HAL_Driver/Src/stm32f4xx_hal_i2c.o
LOAD Drivers/STM32F4xx_HAL_Driver/Src/stm32f4xx_hal_i2c_ex.o
LOAD Drivers/STM32F4xx_HAL_Driver/Src/stm32f4xx_hal_pwr.o
LOAD Drivers/STM32F4xx_HAL_Driver/Src/stm32f4xx_hal_pwr_ex.o
LOAD Drivers/STM32F4xx_HAL_Driver/Src/stm32f4xx_hal_rcc.o
LOAD Drivers/STM32F4xx_HAL_Driver/Src/stm32f4xx_hal_rcc_ex.o
LOAD Drivers/STM32F4xx_HAL_Driver/Src/stm32f4xx_hal_tim.o
LOAD Drivers/STM32F4xx_HAL_Driver/Src/stm32f4xx_hal_tim_ex.o
LOAD Drivers/STM32F4xx_HAL_Driver/Src/stm32f4xx_hal_uart.o
LOAD Middlewares/ST/AI/AI/data/network_data.o
LOAD Middlewares/ST/AI/AI/src/network.o
LOAD Src/HAR/har_Postprocessing.o
LOAD Src/HAR/har_Preprocessing.o
LOAD Src/HAR/har_Processing.o
LOAD Src/HAR/har_ProcessingTest.o
LOAD Src/app_x-cube-ai.o
LOAD Src/main.o
LOAD Src/stm32f4xx_hal_msp.o
LOAD Src/stm32f4xx_it.o
LOAD Src/syscalls.o
LOAD Src/system_stm32f4xx.o
LOAD startup/startup_stm32f429xx.o
LOAD E:\AI_test_01\Middlewares\ST\AI\AI\lib/network_runtime.a
LOAD c:/ac6/systemworkbench/plugins/fr.ac6.mcu.externaltools.arm-none.win32_1.17.0.201812190825/tools/compiler/bin/../lib/gcc/arm-none-eabi/7.3.1/../../../../arm-none-eabi/lib/thumb/v7e-m/fpv4-sp/hard\libm.a
START GROUP
LOAD c:/ac6/systemworkbench/plugins/fr.ac6.mcu.externaltools.arm-none.win32_1.17.0.201812190825/tools/compiler/bin/../lib/gcc/arm-none-eabi/7.3.1/thumb/v7e-m/fpv4-sp/hard\libgcc.a
LOAD c:/ac6/systemworkbench/plugins/fr.ac6.mcu.externaltools.arm-none.win32_1.17.0.201812190825/tools/compiler/bin/../lib/gcc/arm-none-eabi/7.3.1/../../../../arm-none-eabi/lib/thumb/v7e-m/fpv4-sp/hard\libc_nano.a
END GROUP
START GROUP
LOAD c:/ac6/systemworkbench/plugins/fr.ac6.mcu.externaltools.arm-none.win32_1.17.0.201812190825/tools/compiler/bin/../lib/gcc/arm-none-eabi/7.3.1/thumb/v7e-m/fpv4-sp/hard\libgcc.a
LOAD c:/ac6/systemworkbench/plugins/fr.ac6.mcu.externaltools.arm-none.win32_1.17.0.201812190825/tools/compiler/bin/../lib/gcc/arm-none-eabi/7.3.1/../../../../arm-none-eabi/lib/thumb/v7e-m/fpv4-sp/hard\libc_nano.a
LOAD c:/ac6/systemworkbench/plugins/fr.ac6.mcu.externaltools.arm-none.win32_1.17.0.201812190825/tools/compiler/bin/../lib/gcc/arm-none-eabi/7.3.1/../../../../arm-none-eabi/lib/thumb/v7e-m/fpv4-sp/hard\libnosys.a
END GROUP
START GROUP
LOAD c:/ac6/systemworkbench/plugins/fr.ac6.mcu.externaltools.arm-none.win32_1.17.0.201812190825/tools/compiler/bin/../lib/gcc/arm-none-eabi/7.3.1/thumb/v7e-m/fpv4-sp/hard\libgcc.a
LOAD c:/ac6/systemworkbench/plugins/fr.ac6.mcu.externaltools.arm-none.win32_1.17.0.201812190825/tools/compiler/bin/../lib/gcc/arm-none-eabi/7.3.1/../../../../arm-none-eabi/lib/thumb/v7e-m/fpv4-sp/hard\libc_nano.a
LOAD c:/ac6/systemworkbench/plugins/fr.ac6.mcu.externaltools.arm-none.win32_1.17.0.201812190825/tools/compiler/bin/../lib/gcc/arm-none-eabi/7.3.1/../../../../arm-none-eabi/lib/thumb/v7e-m/fpv4-sp/hard\libnosys.a
END GROUP
LOAD c:/ac6/systemworkbench/plugins/fr.ac6.mcu.externaltools.arm-none.win32_1.17.0.201812190825/tools/compiler/bin/../lib/gcc/arm-none-eabi/7.3.1/thumb/v7e-m/fpv4-sp/hard/crtend.o
LOAD c:/ac6/systemworkbench/plugins/fr.ac6.mcu.externaltools.arm-none.win32_1.17.0.201812190825/tools/compiler/bin/../lib/gcc/arm-none-eabi/7.3.1/thumb/v7e-m/fpv4-sp/hard/crtn.o
                0x20030000                _estack = 0x20030000
                0x00002000                _Min_Heap_Size = 0x2000
                0x00004000                _Min_Stack_Size = 0x4000

.isr_vector     0x08000000      0x1ac
                0x08000000                . = ALIGN (0x4)
 *(.isr_vector)
 .isr_vector    0x08000000      0x1ac startup/startup_stm32f429xx.o
                0x08000000                g_pfnVectors
                0x080001ac                . = ALIGN (0x4)

.text           0x080001b0     0x748c
                0x080001b0                . = ALIGN (0x4)
 *(.text)
 .text          0x080001b0       0x40 c:/ac6/systemworkbench/plugins/fr.ac6.mcu.externaltools.arm-none.win32_1.17.0.201812190825/tools/compiler/bin/../lib/gcc/arm-none-eabi/7.3.1/thumb/v7e-m/fpv4-sp/hard/crtbegin.o
 .text          0x080001f0      0x4c4 E:\AI_test_01\Middlewares\ST\AI\AI\lib/network_runtime.a(ai_platform_interface.o)
                0x08000252                ai_platform_runtime_get_revision
                0x08000282                ai_platform_runtime_get_version
                0x080002b6                ai_platform_api_get_version
                0x080002ea                ai_platform_interface_api_get_version
                0x0800031e                ai_platform_context_acquire
                0x0800035a                ai_platform_context_release
                0x08000368                ai_platform_network_get_error
                0x080003ac                ai_platform_network_set_error
                0x080003b8                ai_platform_network_create
                0x08000434                ai_platform_network_destroy
                0x08000472                ai_platform_network_init
                0x08000508                ai_platform_network_process
 .text          0x080006b4       0x24 E:\AI_test_01\Middlewares\ST\AI\AI\lib/network_runtime.a(core_common.o)
                0x080006b4                core_init
                0x080006b8                core_get_error
                0x080006c2                core_set_error
 .text          0x080006d8      0x1b8 E:\AI_test_01\Middlewares\ST\AI\AI\lib/network_runtime.a(layers.o)
                0x080006d8                ai_layers_forward_layer
                0x080006ec                ai_check_custom_types
                0x08000714                ai_layer_type_name
                0x080007d4                ai_layer_type_is_valid
                0x080007f0                ai_layers_forward_all
 .text          0x08000890     0x1000 E:\AI_test_01\Middlewares\ST\AI\AI\lib/network_runtime.a(layers_conv2d_generic_float.o)
                0x08000d08                ai_dict8_dot_array_f32
                0x08000fe0                ai_dict4_dot_array_f32
                0x08001080                forward_conv2d
                0x080011e4                forward_conv2d_nl_pool
                0x08001518                forward_dense
                0x08001810                forward_gemm
 .text          0x08001890      0x716 E:\AI_test_01\Middlewares\ST\AI\AI\lib/network_runtime.a(layers_nl_generic_float.o)
                0x08001890                nl_func_sm_channel_f32
                0x080019b4                nl_func_sm_array_f32
                0x080019e8                nl_func_tanh_array_f32
                0x08001a10                nl_func_sigmoid_array_f32
                0x08001a4c                nl_func_sign_array_f32
                0x08001a84                nl_func_clip_array_f32
                0x08001abc                nl_func_relu_array_f32
                0x08001ae8                nl_func_relu6_array_f32
                0x08001b28                nl_func_selu_array_f32
                0x08001bb8                nl_func_prelu_array_f32
                0x08001c04                forward_relu
                0x08001c64                forward_relu6
                0x08001cd8                forward_selu
                0x08001d84                forward_prelu
                0x08001dfc                forward_sign
                0x08001e70                forward_clip
                0x08001ed8                forward_sigmoid
                0x08001f30                forward_tanh
                0x08001f72                forward_sm
 *fill*         0x08001fa6        0x2 
 .text          0x08001fa8      0x66c E:\AI_test_01\Middlewares\ST\AI\AI\lib/network_runtime.a(layers_pool_generic_float.o)
                0x08001fa8                pool_func_mp_array_f32
                0x08002068                pool_func_ap_array_f32
                0x08002184                forward_mp
                0x08002384                forward_ap
 .text          0x08002614       0xf0 E:\AI_test_01\Middlewares\ST\AI\AI\lib/network_runtime.a(ai_math_helpers.o)
                0x08002614                ai_math_dot_array
                0x08002640                ai_math_sqrt
                0x08002658                ai_math_exp
                0x0800265c                ai_math_pow
                0x08002660                ai_math_tanh
                0x08002664                ai_math_relu
                0x08002674                ai_math_prelu
                0x08002684                ai_math_sigmoid
                0x080026a4                ai_math_hard_sigmoid
                0x080026d8                ai_math_sign
 .text          0x08002704      0x378 c:/ac6/systemworkbench/plugins/fr.ac6.mcu.externaltools.arm-none.win32_1.17.0.201812190825/tools/compiler/bin/../lib/gcc/arm-none-eabi/7.3.1/thumb/v7e-m/fpv4-sp/hard\libgcc.a(_arm_addsubdf3.o)
                0x08002704                __aeabi_drsub
                0x0800270c                __aeabi_dsub
                0x0800270c                __subdf3
                0x08002710                __aeabi_dadd
                0x08002710                __adddf3
                0x08002988                __floatunsidf
                0x08002988                __aeabi_ui2d
                0x080029a8                __floatsidf
                0x080029a8                __aeabi_i2d
                0x080029cc                __aeabi_f2d
                0x080029cc                __extendsfdf2
                0x08002a10                __floatundidf
                0x08002a10                __aeabi_ul2d
                0x08002a20                __floatdidf
                0x08002a20                __aeabi_l2d
 .text          0x08002a7c      0x424 c:/ac6/systemworkbench/plugins/fr.ac6.mcu.externaltools.arm-none.win32_1.17.0.201812190825/tools/compiler/bin/../lib/gcc/arm-none-eabi/7.3.1/thumb/v7e-m/fpv4-sp/hard\libgcc.a(_arm_muldivdf3.o)
                0x08002a7c                __aeabi_dmul
                0x08002a7c                __muldf3
                0x08002cd0                __divdf3
                0x08002cd0                __aeabi_ddiv
 .text          0x08002ea0       0xa0 c:/ac6/systemworkbench/plugins/fr.ac6.mcu.externaltools.arm-none.win32_1.17.0.201812190825/tools/compiler/bin/../lib/gcc/arm-none-eabi/7.3.1/thumb/v7e-m/fpv4-sp/hard\libgcc.a(_arm_truncdfsf2.o)
                0x08002ea0                __truncdfsf2
                0x08002ea0                __aeabi_d2f
 .text          0x08002f40       0x30 c:/ac6/systemworkbench/plugins/fr.ac6.mcu.externaltools.arm-none.win32_1.17.0.201812190825/tools/compiler/bin/../lib/gcc/arm-none-eabi/7.3.1/thumb/v7e-m/fpv4-sp/hard\libgcc.a(_aeabi_uldivmod.o)
                0x08002f40                __aeabi_uldivmod
 .text          0x08002f70      0x2cc c:/ac6/systemworkbench/plugins/fr.ac6.mcu.externaltools.arm-none.win32_1.17.0.201812190825/tools/compiler/bin/../lib/gcc/arm-none-eabi/7.3.1/thumb/v7e-m/fpv4-sp/hard\libgcc.a(_udivmoddi4.o)
                0x08002f70                __udivmoddi4
 .text          0x0800323c        0x4 c:/ac6/systemworkbench/plugins/fr.ac6.mcu.externaltools.arm-none.win32_1.17.0.201812190825/tools/compiler/bin/../lib/gcc/arm-none-eabi/7.3.1/thumb/v7e-m/fpv4-sp/hard\libgcc.a(_dvmd_tls.o)
                0x0800323c                __aeabi_idiv0
                0x0800323c                __aeabi_ldiv0
 .text          0x08003240       0xa0 c:/ac6/systemworkbench/plugins/fr.ac6.mcu.externaltools.arm-none.win32_1.17.0.201812190825/tools/compiler/bin/../lib/gcc/arm-none-eabi/7.3.1/../../../../arm-none-eabi/lib/thumb/v7e-m/fpv4-sp/hard\libc_nano.a(lib_a-memchr.o)
                0x08003240                memchr
 *(.text*)
 .text.arm_dot_prod_f32
                0x080032e0       0x84 Drivers/CMSIS/DSP/Source/BasicMathFunctions/arm_dot_prod_f32.o
                0x080032e0                arm_dot_prod_f32
 .text.HAL_InitTick
                0x08003364       0x48 Drivers/STM32F4xx_HAL_Driver/Src/stm32f4xx_hal.o
                0x08003364                HAL_InitTick
 .text.HAL_Init
                0x080033ac       0x34 Drivers/STM32F4xx_HAL_Driver/Src/stm32f4xx_hal.o
                0x080033ac                HAL_Init
 .text.HAL_IncTick
                0x080033e0       0x18 Drivers/STM32F4xx_HAL_Driver/Src/stm32f4xx_hal.o
                0x080033e0                HAL_IncTick
 .text.HAL_GetTick
                0x080033f8        0xc Drivers/STM32F4xx_HAL_Driver/Src/stm32f4xx_hal.o
                0x080033f8                HAL_GetTick
 .text.HAL_Delay
                0x08003404       0x28 Drivers/STM32F4xx_HAL_Driver/Src/stm32f4xx_hal.o
                0x08003404                HAL_Delay
 .text.HAL_NVIC_SetPriorityGrouping
                0x0800342c       0x24 Drivers/STM32F4xx_HAL_Driver/Src/stm32f4xx_hal_cortex.o
                0x0800342c                HAL_NVIC_SetPriorityGrouping
 .text.HAL_NVIC_SetPriority
                0x08003450       0x68 Drivers/STM32F4xx_HAL_Driver/Src/stm32f4xx_hal_cortex.o
                0x08003450                HAL_NVIC_SetPriority
 .text.HAL_SYSTICK_Config
                0x080034b8       0x2c Drivers/STM32F4xx_HAL_Driver/Src/stm32f4xx_hal_cortex.o
                0x080034b8                HAL_SYSTICK_Config
 .text.HAL_CRC_Init
                0x080034e4       0x22 Drivers/STM32F4xx_HAL_Driver/Src/stm32f4xx_hal_crc.o
                0x080034e4                HAL_CRC_Init
 *fill*         0x08003506        0x2 
 .text.HAL_GPIO_Init
                0x08003508      0x1e0 Drivers/STM32F4xx_HAL_Driver/Src/stm32f4xx_hal_gpio.o
                0x08003508                HAL_GPIO_Init
 .text.HAL_GPIO_WritePin
                0x080036e8        0xc Drivers/STM32F4xx_HAL_Driver/Src/stm32f4xx_hal_gpio.o
                0x080036e8                HAL_GPIO_WritePin
 .text.HAL_GPIO_TogglePin
                0x080036f4       0x12 Drivers/STM32F4xx_HAL_Driver/Src/stm32f4xx_hal_gpio.o
                0x080036f4                HAL_GPIO_TogglePin
 *fill*         0x08003706        0x2 
 .text.HAL_I2C_Init
                0x08003708      0x1a0 Drivers/STM32F4xx_HAL_Driver/Src/stm32f4xx_hal_i2c.o
                0x08003708                HAL_I2C_Init
 .text.HAL_I2CEx_ConfigAnalogFilter
                0x080038a8       0x44 Drivers/STM32F4xx_HAL_Driver/Src/stm32f4xx_hal_i2c_ex.o
                0x080038a8                HAL_I2CEx_ConfigAnalogFilter
 .text.HAL_I2CEx_ConfigDigitalFilter
                0x080038ec       0x42 Drivers/STM32F4xx_HAL_Driver/Src/stm32f4xx_hal_i2c_ex.o
                0x080038ec                HAL_I2CEx_ConfigDigitalFilter
 *fill*         0x0800392e        0x2 
 .text.HAL_RCC_OscConfig
                0x08003930      0x398 Drivers/STM32F4xx_HAL_Driver/Src/stm32f4xx_hal_rcc.o
                0x08003930                HAL_RCC_OscConfig
 .text.HAL_RCC_GetSysClockFreq
                0x08003cc8       0xd8 Drivers/STM32F4xx_HAL_Driver/Src/stm32f4xx_hal_rcc.o
                0x08003cc8                HAL_RCC_GetSysClockFreq
 .text.HAL_RCC_ClockConfig
                0x08003da0      0x158 Drivers/STM32F4xx_HAL_Driver/Src/stm32f4xx_hal_rcc.o
                0x08003da0                HAL_RCC_ClockConfig
 .text.HAL_RCC_GetHCLKFreq
                0x08003ef8        0xc Drivers/STM32F4xx_HAL_Driver/Src/stm32f4xx_hal_rcc.o
                0x08003ef8                HAL_RCC_GetHCLKFreq
 .text.HAL_RCC_GetPCLK1Freq
                0x08003f04       0x20 Drivers/STM32F4xx_HAL_Driver/Src/stm32f4xx_hal_rcc.o
                0x08003f04                HAL_RCC_GetPCLK1Freq
 .text.HAL_RCC_GetPCLK2Freq
                0x08003f24       0x20 Drivers/STM32F4xx_HAL_Driver/Src/stm32f4xx_hal_rcc.o
                0x08003f24                HAL_RCC_GetPCLK2Freq
 .text.UART_SetConfig
                0x08003f44      0x334 Drivers/STM32F4xx_HAL_Driver/Src/stm32f4xx_hal_uart.o
 .text.UART_WaitOnFlagUntilTimeout
                0x08004278       0x62 Drivers/STM32F4xx_HAL_Driver/Src/stm32f4xx_hal_uart.o
 .text.HAL_UART_Init
                0x080042da       0x5e Drivers/STM32F4xx_HAL_Driver/Src/stm32f4xx_hal_uart.o
                0x080042da                HAL_UART_Init
 .text.HAL_UART_Transmit
                0x08004338       0xe0 Drivers/STM32F4xx_HAL_Driver/Src/stm32f4xx_hal_uart.o
                0x08004338                HAL_UART_Transmit
 .text.ai_network_data_weights_get
                0x08004418        0x8 Middlewares/ST/AI/AI/data/network_data.o
                0x08004418                ai_network_data_weights_get
 .text.ai_network_get_info
                0x08004420      0x10c Middlewares/ST/AI/AI/src/network.o
                0x08004420                ai_network_get_info
 .text.ai_network_get_error
                0x0800452c        0x8 Middlewares/ST/AI/AI/src/network.o
                0x0800452c                ai_network_get_error
 .text.ai_network_create
                0x08004534       0x1c Middlewares/ST/AI/AI/src/network.o
                0x08004534                ai_network_create
 .text.ai_network_destroy
                0x08004550        0x8 Middlewares/ST/AI/AI/src/network.o
                0x08004550                ai_network_destroy
 .text.ai_network_init
                0x08004558       0xd8 Middlewares/ST/AI/AI/src/network.o
                0x08004558                ai_network_init
 .text.ai_network_run
                0x08004630        0x8 Middlewares/ST/AI/AI/src/network.o
                0x08004630                ai_network_run
 .text.argmax   0x08004638       0x38 Src/HAR/har_Postprocessing.o
 .text.fmlp_temporal_filter
                0x08004670       0xbc Src/HAR/har_Postprocessing.o
 .text.exp_average
                0x0800472c       0x40 Src/HAR/har_Postprocessing.o
 .text.har_postProc
                0x0800476c       0x1c Src/HAR/har_Postprocessing.o
                0x0800476c                har_postProc
 .text.iir_direct2_init
                0x08004788       0x3c Src/HAR/har_Preprocessing.o
                0x08004788                iir_direct2_init
 .text.iir_direct2_filter
                0x080047c4       0x72 Src/HAR/har_Preprocessing.o
                0x080047c4                iir_direct2_filter
 *fill*         0x08004836        0x2 
 .text.dynamic_acceleration
                0x08004838       0xac Src/HAR/har_Preprocessing.o
                0x08004838                dynamic_acceleration
 .text.gravity_rotate
                0x080048e4      0x120 Src/HAR/har_Preprocessing.o
                0x080048e4                gravity_rotate
 .text.aiLogErr
                0x08004a04       0x24 Src/HAR/har_Processing.o
 .text.HAR_run  0x08004a28      0x14c Src/HAR/har_Processing.o
                0x08004a28                HAR_run
 .text.HAR_Initialize
                0x08004b74      0x400 Src/HAR/har_Processing.o
                0x08004b74                HAR_Initialize
 .text.MX_X_CUBE_AI_Init
                0x08004f74        0x8 Src/app_x-cube-ai.o
                0x08004f74                MX_X_CUBE_AI_Init
 .text.MX_X_CUBE_AI_Process
                0x08004f7c        0x2 Src/app_x-cube-ai.o
                0x08004f7c                MX_X_CUBE_AI_Process
 *fill*         0x08004f7e        0x2 
 .text.MX_GPIO_Init
                0x08004f80      0x1cc Src/main.o
 .text.MX_CRC_Init
                0x0800514c       0x18 Src/main.o
 .text.MX_I2C1_Init
                0x08005164       0x44 Src/main.o
 .text.__io_putchar
                0x080051a8       0x24 Src/main.o
                0x080051a8                __io_putchar
 .text.SystemClock_Config
                0x080051cc       0x98 Src/main.o
                0x080051cc                SystemClock_Config
 .text.main     0x08005264       0x68 Src/main.o
                0x08005264                main
 .text.MX_USART3_UART_Init
                0x080052cc       0x2c Src/main.o
                0x080052cc                MX_USART3_UART_Init
 .text.HAL_MspInit
                0x080052f8       0x38 Src/stm32f4xx_hal_msp.o
                0x080052f8                HAL_MspInit
 .text.HAL_CRC_MspInit
                0x08005330       0x30 Src/stm32f4xx_hal_msp.o
                0x08005330                HAL_CRC_MspInit
 .text.HAL_I2C_MspInit
                0x08005360       0x74 Src/stm32f4xx_hal_msp.o
                0x08005360                HAL_I2C_MspInit
 .text.HAL_UART_MspInit
                0x080053d4       0x74 Src/stm32f4xx_hal_msp.o
                0x080053d4                HAL_UART_MspInit
 .text.NMI_Handler
                0x08005448        0x2 Src/stm32f4xx_it.o
                0x08005448                NMI_Handler
 .text.HardFault_Handler
                0x0800544a        0x2 Src/stm32f4xx_it.o
                0x0800544a                HardFault_Handler
 .text.MemManage_Handler
                0x0800544c        0x2 Src/stm32f4xx_it.o
                0x0800544c                MemManage_Handler
 .text.BusFault_Handler
                0x0800544e        0x2 Src/stm32f4xx_it.o
                0x0800544e                BusFault_Handler
 .text.UsageFault_Handler
                0x08005450        0x2 Src/stm32f4xx_it.o
                0x08005450                UsageFault_Handler
 .text.SVC_Handler
                0x08005452        0x2 Src/stm32f4xx_it.o
                0x08005452                SVC_Handler
 .text.DebugMon_Handler
                0x08005454        0x2 Src/stm32f4xx_it.o
                0x08005454                DebugMon_Handler
 .text.PendSV_Handler
                0x08005456        0x2 Src/stm32f4xx_it.o
                0x08005456                PendSV_Handler
 .text.SysTick_Handler
                0x08005458        0x8 Src/stm32f4xx_it.o
                0x08005458                SysTick_Handler
 .text._read    0x08005460       0x1c Src/syscalls.o
                0x08005460                _read
 .text._write   0x0800547c       0x1c Src/syscalls.o
                0x0800547c                _write
 .text._sbrk    0x08005498       0x3c Src/syscalls.o
                0x08005498                _sbrk
 .text._close   0x080054d4        0x6 Src/syscalls.o
                0x080054d4                _close
 .text._fstat   0x080054da        0xa Src/syscalls.o
                0x080054da                _fstat
 .text._isatty  0x080054e4        0x4 Src/syscalls.o
                0x080054e4                _isatty
 .text._lseek   0x080054e8        0x4 Src/syscalls.o
                0x080054e8                _lseek
 .text.SystemInit
                0x080054ec       0x4c Src/system_stm32f4xx.o
                0x080054ec                SystemInit
 .text.Reset_Handler
                0x08005538       0x50 startup/startup_stm32f429xx.o
                0x08005538                Reset_Handler
 .text.Default_Handler
                0x08005588        0x2 startup/startup_stm32f429xx.o
                0x08005588                RTC_Alarm_IRQHandler
                0x08005588                HASH_RNG_IRQHandler
                0x08005588                EXTI2_IRQHandler
                0x08005588                TIM8_CC_IRQHandler
                0x08005588                UART8_IRQHandler
                0x08005588                SPI4_IRQHandler
                0x08005588                TIM1_CC_IRQHandler
                0x08005588                DMA2_Stream5_IRQHandler
                0x08005588                DMA1_Stream5_IRQHandler
                0x08005588                PVD_IRQHandler
                0x08005588                SDIO_IRQHandler
                0x08005588                TAMP_STAMP_IRQHandler
                0x08005588                CAN2_RX1_IRQHandler
                0x08005588                EXTI3_IRQHandler
                0x08005588                TIM8_TRG_COM_TIM14_IRQHandler
                0x08005588                TIM1_UP_TIM10_IRQHandler
                0x08005588                TIM8_UP_TIM13_IRQHandler
                0x08005588                I2C3_ER_IRQHandler
                0x08005588                EXTI0_IRQHandler
                0x08005588                I2C2_EV_IRQHandler
                0x08005588                DMA1_Stream2_IRQHandler
                0x08005588                CAN1_RX0_IRQHandler
                0x08005588                FPU_IRQHandler
                0x08005588                OTG_HS_WKUP_IRQHandler
                0x08005588                LTDC_ER_IRQHandler
                0x08005588                CAN2_SCE_IRQHandler
                0x08005588                DMA2_Stream2_IRQHandler
                0x08005588                SPI1_IRQHandler
                0x08005588                TIM6_DAC_IRQHandler
                0x08005588                TIM1_BRK_TIM9_IRQHandler
                0x08005588                DCMI_IRQHandler
                0x08005588                CAN2_RX0_IRQHandler
                0x08005588                DMA2_Stream3_IRQHandler
                0x08005588                USART6_IRQHandler
                0x08005588                USART3_IRQHandler
                0x08005588                CAN1_RX1_IRQHandler
                0x08005588                UART5_IRQHandler
                0x08005588                DMA2_Stream0_IRQHandler
                0x08005588                TIM4_IRQHandler
                0x08005588                I2C1_EV_IRQHandler
                0x08005588                DMA1_Stream6_IRQHandler
                0x08005588                DMA1_Stream1_IRQHandler
                0x08005588                UART4_IRQHandler
                0x08005588                TIM3_IRQHandler
                0x08005588                RCC_IRQHandler
                0x08005588                TIM8_BRK_TIM12_IRQHandler
                0x08005588                Default_Handler
                0x08005588                EXTI15_10_IRQHandler
                0x08005588                ADC_IRQHandler
                0x08005588                DMA1_Stream7_IRQHandler
                0x08005588                SPI5_IRQHandler
                0x08005588                TIM7_IRQHandler
                0x08005588                CAN2_TX_IRQHandler
                0x08005588                TIM5_IRQHandler
                0x08005588                DMA2_Stream7_IRQHandler
                0x08005588                I2C3_EV_IRQHandler
                0x08005588                EXTI9_5_IRQHandler
                0x08005588                RTC_WKUP_IRQHandler
                0x08005588                LTDC_IRQHandler
                0x08005588                ETH_WKUP_IRQHandler
                0x08005588                SPI2_IRQHandler
                0x08005588                OTG_HS_EP1_IN_IRQHandler
                0x08005588                DMA1_Stream0_IRQHandler
                0x08005588                CAN1_TX_IRQHandler
                0x08005588                EXTI4_IRQHandler
                0x08005588                ETH_IRQHandler
                0x08005588                OTG_HS_EP1_OUT_IRQHandler
                0x08005588                WWDG_IRQHandler
                0x08005588                SPI6_IRQHandler
                0x08005588                TIM2_IRQHandler
                0x08005588                OTG_FS_WKUP_IRQHandler
                0x08005588                TIM1_TRG_COM_TIM11_IRQHandler
                0x08005588                OTG_HS_IRQHandler
                0x08005588                DMA2D_IRQHandler
                0x08005588                EXTI1_IRQHandler
                0x08005588                UART7_IRQHandler
                0x08005588                USART2_IRQHandler
                0x08005588                I2C2_ER_IRQHandler
                0x08005588                DMA2_Stream1_IRQHandler
                0x08005588                CAN1_SCE_IRQHandler
                0x08005588                FLASH_IRQHandler
                0x08005588                DMA2_Stream4_IRQHandler
                0x08005588                USART1_IRQHandler
                0x08005588                OTG_FS_IRQHandler
                0x08005588                SPI3_IRQHandler
                0x08005588                DMA1_Stream4_IRQHandler
                0x08005588                I2C1_ER_IRQHandler
                0x08005588                FMC_IRQHandler
                0x08005588                DMA2_Stream6_IRQHandler
                0x08005588                SAI1_IRQHandler
                0x08005588                DMA1_Stream3_IRQHandler
 *fill*         0x0800558a        0x2 
 .text.tanhf    0x0800558c       0xb0 c:/ac6/systemworkbench/plugins/fr.ac6.mcu.externaltools.arm-none.win32_1.17.0.201812190825/tools/compiler/bin/../lib/gcc/arm-none-eabi/7.3.1/../../../../arm-none-eabi/lib/thumb/v7e-m/fpv4-sp/hard\libm.a(lib_a-sf_tanh.o)
                0x0800558c                tanhf
 .text.expf     0x0800563c       0xfc c:/ac6/systemworkbench/plugins/fr.ac6.mcu.externaltools.arm-none.win32_1.17.0.201812190825/tools/compiler/bin/../lib/gcc/arm-none-eabi/7.3.1/../../../../arm-none-eabi/lib/thumb/v7e-m/fpv4-sp/hard\libm.a(lib_a-wf_exp.o)
                0x0800563c                expf
 .text.powf     0x08005738      0x324 c:/ac6/systemworkbench/plugins/fr.ac6.mcu.externaltools.arm-none.win32_1.17.0.201812190825/tools/compiler/bin/../lib/gcc/arm-none-eabi/7.3.1/../../../../arm-none-eabi/lib/thumb/v7e-m/fpv4-sp/hard\libm.a(lib_a-wf_pow.o)
                0x08005738                powf
 .text.sqrtf    0x08005a5c       0xac c:/ac6/systemworkbench/plugins/fr.ac6.mcu.externaltools.arm-none.win32_1.17.0.201812190825/tools/compiler/bin/../lib/gcc/arm-none-eabi/7.3.1/../../../../arm-none-eabi/lib/thumb/v7e-m/fpv4-sp/hard\libm.a(lib_a-wf_sqrt.o)
                0x08005a5c                sqrtf
 .text.__ieee754_expf
                0x08005b08      0x1b4 c:/ac6/systemworkbench/plugins/fr.ac6.mcu.externaltools.arm-none.win32_1.17.0.201812190825/tools/compiler/bin/../lib/gcc/arm-none-eabi/7.3.1/../../../../arm-none-eabi/lib/thumb/v7e-m/fpv4-sp/hard\libm.a(lib_a-ef_exp.o)
                0x08005b08                __ieee754_expf
 .text.__ieee754_powf
                0x08005cbc      0x5e4 c:/ac6/systemworkbench/plugins/fr.ac6.mcu.externaltools.arm-none.win32_1.17.0.201812190825/tools/compiler/bin/../lib/gcc/arm-none-eabi/7.3.1/../../../../arm-none-eabi/lib/thumb/v7e-m/fpv4-sp/hard\libm.a(lib_a-ef_pow.o)
                0x08005cbc                __ieee754_powf
 .text.__ieee754_sqrtf
                0x080062a0        0x8 c:/ac6/systemworkbench/plugins/fr.ac6.mcu.externaltools.arm-none.win32_1.17.0.201812190825/tools/compiler/bin/../lib/gcc/arm-none-eabi/7.3.1/../../../../arm-none-eabi/lib/thumb/v7e-m/fpv4-sp/hard\libm.a(lib_a-ef_sqrt.o)
                0x080062a0                __ieee754_sqrtf
 .text.matherr  0x080062a8        0x4 c:/ac6/systemworkbench/plugins/fr.ac6.mcu.externaltools.arm-none.win32_1.17.0.201812190825/tools/compiler/bin/../lib/gcc/arm-none-eabi/7.3.1/../../../../arm-none-eabi/lib/thumb/v7e-m/fpv4-sp/hard\libm.a(lib_a-s_matherr.o)
                0x080062a8                matherr
 .text.expm1f   0x080062ac      0x274 c:/ac6/systemworkbench/plugins/fr.ac6.mcu.externaltools.arm-none.win32_1.17.0.201812190825/tools/compiler/bin/../lib/gcc/arm-none-eabi/7.3.1/../../../../arm-none-eabi/lib/thumb/v7e-m/fpv4-sp/hard\libm.a(lib_a-sf_expm1.o)
                0x080062ac                expm1f
 .text.fabsf    0x08006520       0x10 c:/ac6/systemworkbench/plugins/fr.ac6.mcu.externaltools.arm-none.win32_1.17.0.201812190825/tools/compiler/bin/../lib/gcc/arm-none-eabi/7.3.1/../../../../arm-none-eabi/lib/thumb/v7e-m/fpv4-sp/hard\libm.a(lib_a-sf_fabs.o)
                0x08006520                fabsf
 .text.finitef  0x08006530       0x14 c:/ac6/systemworkbench/plugins/fr.ac6.mcu.externaltools.arm-none.win32_1.17.0.201812190825/tools/compiler/bin/../lib/gcc/arm-none-eabi/7.3.1/../../../../arm-none-eabi/lib/thumb/v7e-m/fpv4-sp/hard\libm.a(lib_a-sf_finite.o)
                0x08006530                finitef
 .text.nanf     0x08006544        0xc c:/ac6/systemworkbench/plugins/fr.ac6.mcu.externaltools.arm-none.win32_1.17.0.201812190825/tools/compiler/bin/../lib/gcc/arm-none-eabi/7.3.1/../../../../arm-none-eabi/lib/thumb/v7e-m/fpv4-sp/hard\libm.a(lib_a-sf_nan.o)
                0x08006544                nanf
 .text.rintf    0x08006550       0xc0 c:/ac6/systemworkbench/plugins/fr.ac6.mcu.externaltools.arm-none.win32_1.17.0.201812190825/tools/compiler/bin/../lib/gcc/arm-none-eabi/7.3.1/../../../../arm-none-eabi/lib/thumb/v7e-m/fpv4-sp/hard\libm.a(lib_a-sf_rint.o)
                0x08006550                rintf
 .text.scalbnf  0x08006610       0xd0 c:/ac6/systemworkbench/plugins/fr.ac6.mcu.externaltools.arm-none.win32_1.17.0.201812190825/tools/compiler/bin/../lib/gcc/arm-none-eabi/7.3.1/../../../../arm-none-eabi/lib/thumb/v7e-m/fpv4-sp/hard\libm.a(lib_a-sf_scalbn.o)
                0x08006610                scalbnf
 .text.copysignf
                0x080066e0       0x18 c:/ac6/systemworkbench/plugins/fr.ac6.mcu.externaltools.arm-none.win32_1.17.0.201812190825/tools/compiler/bin/../lib/gcc/arm-none-eabi/7.3.1/../../../../arm-none-eabi/lib/thumb/v7e-m/fpv4-sp/hard\libm.a(lib_a-sf_copysign.o)
                0x080066e0                copysignf
 .text.__aeabi_memcpy
                0x080066f8        0x4 c:/ac6/systemworkbench/plugins/fr.ac6.mcu.externaltools.arm-none.win32_1.17.0.201812190825/tools/compiler/bin/../lib/gcc/arm-none-eabi/7.3.1/../../../../arm-none-eabi/lib/thumb/v7e-m/fpv4-sp/hard\libc_nano.a(lib_a-aeabi_memcpy.o)
                0x080066f8                __aeabi_memcpy4
                0x080066f8                __aeabi_memcpy8
                0x080066f8                __aeabi_memcpy
 .text.__errno  0x080066fc        0xc c:/ac6/systemworkbench/plugins/fr.ac6.mcu.externaltools.arm-none.win32_1.17.0.201812190825/tools/compiler/bin/../lib/gcc/arm-none-eabi/7.3.1/../../../../arm-none-eabi/lib/thumb/v7e-m/fpv4-sp/hard\libc_nano.a(lib_a-errno.o)
                0x080066fc                __errno
 .text.__libc_init_array
                0x08006708       0x48 c:/ac6/systemworkbench/plugins/fr.ac6.mcu.externaltools.arm-none.win32_1.17.0.201812190825/tools/compiler/bin/../lib/gcc/arm-none-eabi/7.3.1/../../../../arm-none-eabi/lib/thumb/v7e-m/fpv4-sp/hard\libc_nano.a(lib_a-init.o)
                0x08006708                __libc_init_array
 .text.memcmp   0x08006750       0x1e c:/ac6/systemworkbench/plugins/fr.ac6.mcu.externaltools.arm-none.win32_1.17.0.201812190825/tools/compiler/bin/../lib/gcc/arm-none-eabi/7.3.1/../../../../arm-none-eabi/lib/thumb/v7e-m/fpv4-sp/hard\libc_nano.a(lib_a-memcmp.o)
                0x08006750                memcmp
 .text.memcpy   0x0800676e       0x16 c:/ac6/systemworkbench/plugins/fr.ac6.mcu.externaltools.arm-none.win32_1.17.0.201812190825/tools/compiler/bin/../lib/gcc/arm-none-eabi/7.3.1/../../../../arm-none-eabi/lib/thumb/v7e-m/fpv4-sp/hard\libc_nano.a(lib_a-memcpy-stub.o)
                0x0800676e                memcpy
 .text.memset   0x08006784       0x10 c:/ac6/systemworkbench/plugins/fr.ac6.mcu.externaltools.arm-none.win32_1.17.0.201812190825/tools/compiler/bin/../lib/gcc/arm-none-eabi/7.3.1/../../../../arm-none-eabi/lib/thumb/v7e-m/fpv4-sp/hard\libc_nano.a(lib_a-memset.o)
                0x08006784                memset
 .text.printf   0x08006794       0x30 c:/ac6/systemworkbench/plugins/fr.ac6.mcu.externaltools.arm-none.win32_1.17.0.201812190825/tools/compiler/bin/../lib/gcc/arm-none-eabi/7.3.1/../../../../arm-none-eabi/lib/thumb/v7e-m/fpv4-sp/hard\libc_nano.a(lib_a-printf.o)
                0x08006794                iprintf
                0x08006794                printf
 .text._puts_r  0x080067c4       0xb8 c:/ac6/systemworkbench/plugins/fr.ac6.mcu.externaltools.arm-none.win32_1.17.0.201812190825/tools/compiler/bin/../lib/gcc/arm-none-eabi/7.3.1/../../../../arm-none-eabi/lib/thumb/v7e-m/fpv4-sp/hard\libc_nano.a(lib_a-puts.o)
                0x080067c4                _puts_r
 .text.puts     0x0800687c       0x10 c:/ac6/systemworkbench/plugins/fr.ac6.mcu.externaltools.arm-none.win32_1.17.0.201812190825/tools/compiler/bin/../lib/gcc/arm-none-eabi/7.3.1/../../../../arm-none-eabi/lib/thumb/v7e-m/fpv4-sp/hard\libc_nano.a(lib_a-puts.o)
                0x0800687c                puts
 .text.__swbuf_r
                0x0800688c       0xa4 c:/ac6/systemworkbench/plugins/fr.ac6.mcu.externaltools.arm-none.win32_1.17.0.201812190825/tools/compiler/bin/../lib/gcc/arm-none-eabi/7.3.1/../../../../arm-none-eabi/lib/thumb/v7e-m/fpv4-sp/hard\libc_nano.a(lib_a-wbuf.o)
                0x0800688c                __swbuf_r
 .text.__swsetup_r
                0x08006930       0xdc c:/ac6/systemworkbench/plugins/fr.ac6.mcu.externaltools.arm-none.win32_1.17.0.201812190825/tools/compiler/bin/../lib/gcc/arm-none-eabi/7.3.1/../../../../arm-none-eabi/lib/thumb/v7e-m/fpv4-sp/hard\libc_nano.a(lib_a-wsetup.o)
                0x08006930                __swsetup_r
 .text.__sflush_r
                0x08006a0c      0x10c c:/ac6/systemworkbench/plugins/fr.ac6.mcu.externaltools.arm-none.win32_1.17.0.201812190825/tools/compiler/bin/../lib/gcc/arm-none-eabi/7.3.1/../../../../arm-none-eabi/lib/thumb/v7e-m/fpv4-sp/hard\libc_nano.a(lib_a-fflush.o)
                0x08006a0c                __sflush_r
 .text._fflush_r
                0x08006b18       0x54 c:/ac6/systemworkbench/plugins/fr.ac6.mcu.externaltools.arm-none.win32_1.17.0.201812190825/tools/compiler/bin/../lib/gcc/arm-none-eabi/7.3.1/../../../../arm-none-eabi/lib/thumb/v7e-m/fpv4-sp/hard\libc_nano.a(lib_a-fflush.o)
                0x08006b18                _fflush_r
 .text.std      0x08006b6c       0x48 c:/ac6/systemworkbench/plugins/fr.ac6.mcu.externaltools.arm-none.win32_1.17.0.201812190825/tools/compiler/bin/../lib/gcc/arm-none-eabi/7.3.1/../../../../arm-none-eabi/lib/thumb/v7e-m/fpv4-sp/hard\libc_nano.a(lib_a-findfp.o)
 .text._cleanup_r
                0x08006bb4        0xc c:/ac6/systemworkbench/plugins/fr.ac6.mcu.externaltools.arm-none.win32_1.17.0.201812190825/tools/compiler/bin/../lib/gcc/arm-none-eabi/7.3.1/../../../../arm-none-eabi/lib/thumb/v7e-m/fpv4-sp/hard\libc_nano.a(lib_a-findfp.o)
                0x08006bb4                _cleanup_r
 .text.__sfmoreglue
                0x08006bc0       0x2c c:/ac6/systemworkbench/plugins/fr.ac6.mcu.externaltools.arm-none.win32_1.17.0.201812190825/tools/compiler/bin/../lib/gcc/arm-none-eabi/7.3.1/../../../../arm-none-eabi/lib/thumb/v7e-m/fpv4-sp/hard\libc_nano.a(lib_a-findfp.o)
                0x08006bc0                __sfmoreglue
 .text.__sinit  0x08006bec       0x60 c:/ac6/systemworkbench/plugins/fr.ac6.mcu.externaltools.arm-none.win32_1.17.0.201812190825/tools/compiler/bin/../lib/gcc/arm-none-eabi/7.3.1/../../../../arm-none-eabi/lib/thumb/v7e-m/fpv4-sp/hard\libc_nano.a(lib_a-findfp.o)
                0x08006bec                __sinit
 .text.__sfp    0x08006c4c       0x78 c:/ac6/systemworkbench/plugins/fr.ac6.mcu.externaltools.arm-none.win32_1.17.0.201812190825/tools/compiler/bin/../lib/gcc/arm-none-eabi/7.3.1/../../../../arm-none-eabi/lib/thumb/v7e-m/fpv4-sp/hard\libc_nano.a(lib_a-findfp.o)
                0x08006c4c                __sfp
 .text._fwalk_reent
                0x08006cc4       0x3c c:/ac6/systemworkbench/plugins/fr.ac6.mcu.externaltools.arm-none.win32_1.17.0.201812190825/tools/compiler/bin/../lib/gcc/arm-none-eabi/7.3.1/../../../../arm-none-eabi/lib/thumb/v7e-m/fpv4-sp/hard\libc_nano.a(lib_a-fwalk.o)
                0x08006cc4                _fwalk_reent
 .text.__swhatbuf_r
                0x08006d00       0x48 c:/ac6/systemworkbench/plugins/fr.ac6.mcu.externaltools.arm-none.win32_1.17.0.201812190825/tools/compiler/bin/../lib/gcc/arm-none-eabi/7.3.1/../../../../arm-none-eabi/lib/thumb/v7e-m/fpv4-sp/hard\libc_nano.a(lib_a-makebuf.o)
                0x08006d00                __swhatbuf_r
 .text.__smakebuf_r
                0x08006d48       0x80 c:/ac6/systemworkbench/plugins/fr.ac6.mcu.externaltools.arm-none.win32_1.17.0.201812190825/tools/compiler/bin/../lib/gcc/arm-none-eabi/7.3.1/../../../../arm-none-eabi/lib/thumb/v7e-m/fpv4-sp/hard\libc_nano.a(lib_a-makebuf.o)
                0x08006d48                __smakebuf_r
 .text._free_r  0x08006dc8       0x9c c:/ac6/systemworkbench/plugins/fr.ac6.mcu.externaltools.arm-none.win32_1.17.0.201812190825/tools/compiler/bin/../lib/gcc/arm-none-eabi/7.3.1/../../../../arm-none-eabi/lib/thumb/v7e-m/fpv4-sp/hard\libc_nano.a(lib_a-nano-freer.o)
                0x08006dc8                _free_r
 .text._malloc_r
                0x08006e64       0xb4 c:/ac6/systemworkbench/plugins/fr.ac6.mcu.externaltools.arm-none.win32_1.17.0.201812190825/tools/compiler/bin/../lib/gcc/arm-none-eabi/7.3.1/../../../../arm-none-eabi/lib/thumb/v7e-m/fpv4-sp/hard\libc_nano.a(lib_a-nano-mallocr.o)
                0x08006e64                _malloc_r
 .text.__sfputc_r
                0x08006f18       0x2e c:/ac6/systemworkbench/plugins/fr.ac6.mcu.externaltools.arm-none.win32_1.17.0.201812190825/tools/compiler/bin/../lib/gcc/arm-none-eabi/7.3.1/../../../../arm-none-eabi/lib/thumb/v7e-m/fpv4-sp/hard\libc_nano.a(lib_a-nano-vfprintf.o)
 .text.__sfputs_r
                0x08006f46       0x24 c:/ac6/systemworkbench/plugins/fr.ac6.mcu.externaltools.arm-none.win32_1.17.0.201812190825/tools/compiler/bin/../lib/gcc/arm-none-eabi/7.3.1/../../../../arm-none-eabi/lib/thumb/v7e-m/fpv4-sp/hard\libc_nano.a(lib_a-nano-vfprintf.o)
                0x08006f46                __sfputs_r
 *fill*         0x08006f6a        0x2 
 .text._vfprintf_r
                0x08006f6c      0x22c c:/ac6/systemworkbench/plugins/fr.ac6.mcu.externaltools.arm-none.win32_1.17.0.201812190825/tools/compiler/bin/../lib/gcc/arm-none-eabi/7.3.1/../../../../arm-none-eabi/lib/thumb/v7e-m/fpv4-sp/hard\libc_nano.a(lib_a-nano-vfprintf.o)
                0x08006f6c                _vfprintf_r
                0x08006f6c                _vfiprintf_r
 .text._printf_common
                0x08007198       0xea c:/ac6/systemworkbench/plugins/fr.ac6.mcu.externaltools.arm-none.win32_1.17.0.201812190825/tools/compiler/bin/../lib/gcc/arm-none-eabi/7.3.1/../../../../arm-none-eabi/lib/thumb/v7e-m/fpv4-sp/hard\libc_nano.a(lib_a-nano-vfprintf_i.o)
                0x08007198                _printf_common
 *fill*         0x08007282        0x2 
 .text._printf_i
                0x08007284      0x224 c:/ac6/systemworkbench/plugins/fr.ac6.mcu.externaltools.arm-none.win32_1.17.0.201812190825/tools/compiler/bin/../lib/gcc/arm-none-eabi/7.3.1/../../../../arm-none-eabi/lib/thumb/v7e-m/fpv4-sp/hard\libc_nano.a(lib_a-nano-vfprintf_i.o)
                0x08007284                _printf_i
 .text._sbrk_r  0x080074a8       0x20 c:/ac6/systemworkbench/plugins/fr.ac6.mcu.externaltools.arm-none.win32_1.17.0.201812190825/tools/compiler/bin/../lib/gcc/arm-none-eabi/7.3.1/../../../../arm-none-eabi/lib/thumb/v7e-m/fpv4-sp/hard\libc_nano.a(lib_a-sbrkr.o)
                0x080074a8                _sbrk_r
 .text.__sread  0x080074c8       0x22 c:/ac6/systemworkbench/plugins/fr.ac6.mcu.externaltools.arm-none.win32_1.17.0.201812190825/tools/compiler/bin/../lib/gcc/arm-none-eabi/7.3.1/../../../../arm-none-eabi/lib/thumb/v7e-m/fpv4-sp/hard\libc_nano.a(lib_a-stdio.o)
                0x080074c8                __sread
 .text.__swrite
                0x080074ea       0x38 c:/ac6/systemworkbench/plugins/fr.ac6.mcu.externaltools.arm-none.win32_1.17.0.201812190825/tools/compiler/bin/../lib/gcc/arm-none-eabi/7.3.1/../../../../arm-none-eabi/lib/thumb/v7e-m/fpv4-sp/hard\libc_nano.a(lib_a-stdio.o)
                0x080074ea                __swrite
 .text.__sseek  0x08007522       0x24 c:/ac6/systemworkbench/plugins/fr.ac6.mcu.externaltools.arm-none.win32_1.17.0.201812190825/tools/compiler/bin/../lib/gcc/arm-none-eabi/7.3.1/../../../../arm-none-eabi/lib/thumb/v7e-m/fpv4-sp/hard\libc_nano.a(lib_a-stdio.o)
                0x08007522                __sseek
 .text.__sclose
                0x08007546        0x8 c:/ac6/systemworkbench/plugins/fr.ac6.mcu.externaltools.arm-none.win32_1.17.0.201812190825/tools/compiler/bin/../lib/gcc/arm-none-eabi/7.3.1/../../../../arm-none-eabi/lib/thumb/v7e-m/fpv4-sp/hard\libc_nano.a(lib_a-stdio.o)
                0x08007546                __sclose
 *fill*         0x0800754e        0x2 
 .text._write_r
                0x08007550       0x24 c:/ac6/systemworkbench/plugins/fr.ac6.mcu.externaltools.arm-none.win32_1.17.0.201812190825/tools/compiler/bin/../lib/gcc/arm-none-eabi/7.3.1/../../../../arm-none-eabi/lib/thumb/v7e-m/fpv4-sp/hard\libc_nano.a(lib_a-writer.o)
                0x08007550                _write_r
 .text._close_r
                0x08007574       0x20 c:/ac6/systemworkbench/plugins/fr.ac6.mcu.externaltools.arm-none.win32_1.17.0.201812190825/tools/compiler/bin/../lib/gcc/arm-none-eabi/7.3.1/../../../../arm-none-eabi/lib/thumb/v7e-m/fpv4-sp/hard\libc_nano.a(lib_a-closer.o)
                0x08007574                _close_r
 .text._fstat_r
                0x08007594       0x24 c:/ac6/systemworkbench/plugins/fr.ac6.mcu.externaltools.arm-none.win32_1.17.0.201812190825/tools/compiler/bin/../lib/gcc/arm-none-eabi/7.3.1/../../../../arm-none-eabi/lib/thumb/v7e-m/fpv4-sp/hard\libc_nano.a(lib_a-fstatr.o)
                0x08007594                _fstat_r
 .text._isatty_r
                0x080075b8       0x20 c:/ac6/systemworkbench/plugins/fr.ac6.mcu.externaltools.arm-none.win32_1.17.0.201812190825/tools/compiler/bin/../lib/gcc/arm-none-eabi/7.3.1/../../../../arm-none-eabi/lib/thumb/v7e-m/fpv4-sp/hard\libc_nano.a(lib_a-isattyr.o)
                0x080075b8                _isatty_r
 .text._lseek_r
                0x080075d8       0x24 c:/ac6/systemworkbench/plugins/fr.ac6.mcu.externaltools.arm-none.win32_1.17.0.201812190825/tools/compiler/bin/../lib/gcc/arm-none-eabi/7.3.1/../../../../arm-none-eabi/lib/thumb/v7e-m/fpv4-sp/hard\libc_nano.a(lib_a-lseekr.o)
                0x080075d8                _lseek_r
 .text.__malloc_lock
                0x080075fc        0x2 c:/ac6/systemworkbench/plugins/fr.ac6.mcu.externaltools.arm-none.win32_1.17.0.201812190825/tools/compiler/bin/../lib/gcc/arm-none-eabi/7.3.1/../../../../arm-none-eabi/lib/thumb/v7e-m/fpv4-sp/hard\libc_nano.a(lib_a-mlock.o)
                0x080075fc                __malloc_lock
 .text.__malloc_unlock
                0x080075fe        0x2 c:/ac6/systemworkbench/plugins/fr.ac6.mcu.externaltools.arm-none.win32_1.17.0.201812190825/tools/compiler/bin/../lib/gcc/arm-none-eabi/7.3.1/../../../../arm-none-eabi/lib/thumb/v7e-m/fpv4-sp/hard\libc_nano.a(lib_a-mlock.o)
                0x080075fe                __malloc_unlock
 .text._read_r  0x08007600       0x24 c:/ac6/systemworkbench/plugins/fr.ac6.mcu.externaltools.arm-none.win32_1.17.0.201812190825/tools/compiler/bin/../lib/gcc/arm-none-eabi/7.3.1/../../../../arm-none-eabi/lib/thumb/v7e-m/fpv4-sp/hard\libc_nano.a(lib_a-readr.o)
                0x08007600                _read_r
 *(.glue_7)
 .glue_7        0x08007624        0x0 linker stubs
 *(.glue_7t)
 .glue_7t       0x08007624        0x0 linker stubs
 *(.eh_frame)
 .eh_frame      0x08007624        0x0 c:/ac6/systemworkbench/plugins/fr.ac6.mcu.externaltools.arm-none.win32_1.17.0.201812190825/tools/compiler/bin/../lib/gcc/arm-none-eabi/7.3.1/thumb/v7e-m/fpv4-sp/hard/crtbegin.o
 *(.init)
 .init          0x08007624        0x4 c:/ac6/systemworkbench/plugins/fr.ac6.mcu.externaltools.arm-none.win32_1.17.0.201812190825/tools/compiler/bin/../lib/gcc/arm-none-eabi/7.3.1/thumb/v7e-m/fpv4-sp/hard/crti.o
                0x08007624                _init
 .init          0x08007628        0x8 c:/ac6/systemworkbench/plugins/fr.ac6.mcu.externaltools.arm-none.win32_1.17.0.201812190825/tools/compiler/bin/../lib/gcc/arm-none-eabi/7.3.1/thumb/v7e-m/fpv4-sp/hard/crtn.o
 *(.fini)
 .fini          0x08007630        0x4 c:/ac6/systemworkbench/plugins/fr.ac6.mcu.externaltools.arm-none.win32_1.17.0.201812190825/tools/compiler/bin/../lib/gcc/arm-none-eabi/7.3.1/thumb/v7e-m/fpv4-sp/hard/crti.o
                0x08007630                _fini
 .fini          0x08007634        0x8 c:/ac6/systemworkbench/plugins/fr.ac6.mcu.externaltools.arm-none.win32_1.17.0.201812190825/tools/compiler/bin/../lib/gcc/arm-none-eabi/7.3.1/thumb/v7e-m/fpv4-sp/hard/crtn.o
                0x0800763c                . = ALIGN (0x4)
                0x0800763c                _etext = .

.vfp11_veneer   0x0800763c        0x0
 .vfp11_veneer  0x0800763c        0x0 linker stubs

.v4_bx          0x0800763c        0x0
 .v4_bx         0x0800763c        0x0 linker stubs

.iplt           0x0800763c        0x0
 .iplt          0x0800763c        0x0 c:/ac6/systemworkbench/plugins/fr.ac6.mcu.externaltools.arm-none.win32_1.17.0.201812190825/tools/compiler/bin/../lib/gcc/arm-none-eabi/7.3.1/thumb/v7e-m/fpv4-sp/hard/crtbegin.o

.rodata         0x0800763c     0x36f8
                0x0800763c                . = ALIGN (0x4)
 *(.rodata)
 .rodata        0x0800763c     0x3014 Middlewares/ST/AI/AI/data/network_data.o
 .rodata        0x0800a650       0x10 Middlewares/ST/AI/AI/src/network.o
 .rodata        0x0800a660       0x38 Src/HAR/har_Preprocessing.o
                0x0800a660                kGravityHighPassInit
                0x0800a670                kGravityHighPassB
                0x0800a684                kGravityHighPassA
 .rodata        0x0800a698       0x18 Src/system_stm32f4xx.o
                0x0800a698                AHBPrescTable
                0x0800a6a8                APBPrescTable
 *(.rodata*)
 .rodata.str1.4
                0x0800a6b0       0x67 Middlewares/ST/AI/AI/src/network.o
 *fill*         0x0800a717        0x1 
 .rodata.str1.4
                0x0800a718      0x52f Src/HAR/har_Processing.o
 *fill*         0x0800ac47        0x1 
 .rodata.str1.4
                0x0800ac48       0x19 Src/main.o
 *fill*         0x0800ac61        0x3 
 .rodata.expf.str1.4
                0x0800ac64        0x5 c:/ac6/systemworkbench/plugins/fr.ac6.mcu.externaltools.arm-none.win32_1.17.0.201812190825/tools/compiler/bin/../lib/gcc/arm-none-eabi/7.3.1/../../../../arm-none-eabi/lib/thumb/v7e-m/fpv4-sp/hard\libm.a(lib_a-wf_exp.o)
 *fill*         0x0800ac69        0x3 
 .rodata.powf.str1.4
                0x0800ac6c        0x5 c:/ac6/systemworkbench/plugins/fr.ac6.mcu.externaltools.arm-none.win32_1.17.0.201812190825/tools/compiler/bin/../lib/gcc/arm-none-eabi/7.3.1/../../../../arm-none-eabi/lib/thumb/v7e-m/fpv4-sp/hard\libm.a(lib_a-wf_pow.o)
 *fill*         0x0800ac71        0x3 
 .rodata.sqrtf.str1.4
                0x0800ac74        0x6 c:/ac6/systemworkbench/plugins/fr.ac6.mcu.externaltools.arm-none.win32_1.17.0.201812190825/tools/compiler/bin/../lib/gcc/arm-none-eabi/7.3.1/../../../../arm-none-eabi/lib/thumb/v7e-m/fpv4-sp/hard\libm.a(lib_a-wf_sqrt.o)
 *fill*         0x0800ac7a        0x2 
 .rodata.halF   0x0800ac7c        0x8 c:/ac6/systemworkbench/plugins/fr.ac6.mcu.externaltools.arm-none.win32_1.17.0.201812190825/tools/compiler/bin/../lib/gcc/arm-none-eabi/7.3.1/../../../../arm-none-eabi/lib/thumb/v7e-m/fpv4-sp/hard\libm.a(lib_a-ef_exp.o)
 .rodata.ln2HI  0x0800ac84        0x8 c:/ac6/systemworkbench/plugins/fr.ac6.mcu.externaltools.arm-none.win32_1.17.0.201812190825/tools/compiler/bin/../lib/gcc/arm-none-eabi/7.3.1/../../../../arm-none-eabi/lib/thumb/v7e-m/fpv4-sp/hard\libm.a(lib_a-ef_exp.o)
 .rodata.ln2LO  0x0800ac8c        0x8 c:/ac6/systemworkbench/plugins/fr.ac6.mcu.externaltools.arm-none.win32_1.17.0.201812190825/tools/compiler/bin/../lib/gcc/arm-none-eabi/7.3.1/../../../../arm-none-eabi/lib/thumb/v7e-m/fpv4-sp/hard\libm.a(lib_a-ef_exp.o)
 .rodata.__ieee754_powf.str1.4
                0x0800ac94        0x8 c:/ac6/systemworkbench/plugins/fr.ac6.mcu.externaltools.arm-none.win32_1.17.0.201812190825/tools/compiler/bin/../lib/gcc/arm-none-eabi/7.3.1/../../../../arm-none-eabi/lib/thumb/v7e-m/fpv4-sp/hard\libm.a(lib_a-ef_pow.o)
                                  0x1 (size before relaxing)
 .rodata.TWO23  0x0800ac94        0x8 c:/ac6/systemworkbench/plugins/fr.ac6.mcu.externaltools.arm-none.win32_1.17.0.201812190825/tools/compiler/bin/../lib/gcc/arm-none-eabi/7.3.1/../../../../arm-none-eabi/lib/thumb/v7e-m/fpv4-sp/hard\libm.a(lib_a-sf_rint.o)
 .rodata._global_impure_ptr
                0x0800ac9c        0x4 c:/ac6/systemworkbench/plugins/fr.ac6.mcu.externaltools.arm-none.win32_1.17.0.201812190825/tools/compiler/bin/../lib/gcc/arm-none-eabi/7.3.1/../../../../arm-none-eabi/lib/thumb/v7e-m/fpv4-sp/hard\libc_nano.a(lib_a-impure.o)
                0x0800ac9c                _global_impure_ptr
 .rodata.__sf_fake_stderr
                0x0800aca0       0x20 c:/ac6/systemworkbench/plugins/fr.ac6.mcu.externaltools.arm-none.win32_1.17.0.201812190825/tools/compiler/bin/../lib/gcc/arm-none-eabi/7.3.1/../../../../arm-none-eabi/lib/thumb/v7e-m/fpv4-sp/hard\libc_nano.a(lib_a-findfp.o)
                0x0800aca0                __sf_fake_stderr
 .rodata.__sf_fake_stdin
                0x0800acc0       0x20 c:/ac6/systemworkbench/plugins/fr.ac6.mcu.externaltools.arm-none.win32_1.17.0.201812190825/tools/compiler/bin/../lib/gcc/arm-none-eabi/7.3.1/../../../../arm-none-eabi/lib/thumb/v7e-m/fpv4-sp/hard\libc_nano.a(lib_a-findfp.o)
                0x0800acc0                __sf_fake_stdin
 .rodata.__sf_fake_stdout
                0x0800ace0       0x20 c:/ac6/systemworkbench/plugins/fr.ac6.mcu.externaltools.arm-none.win32_1.17.0.201812190825/tools/compiler/bin/../lib/gcc/arm-none-eabi/7.3.1/../../../../arm-none-eabi/lib/thumb/v7e-m/fpv4-sp/hard\libc_nano.a(lib_a-findfp.o)
                0x0800ace0                __sf_fake_stdout
 .rodata._vfprintf_r.str1.1
                0x0800ad00       0x11 c:/ac6/systemworkbench/plugins/fr.ac6.mcu.externaltools.arm-none.win32_1.17.0.201812190825/tools/compiler/bin/../lib/gcc/arm-none-eabi/7.3.1/../../../../arm-none-eabi/lib/thumb/v7e-m/fpv4-sp/hard\libc_nano.a(lib_a-nano-vfprintf.o)
 .rodata._printf_i.str1.1
                0x0800ad11       0x22 c:/ac6/systemworkbench/plugins/fr.ac6.mcu.externaltools.arm-none.win32_1.17.0.201812190825/tools/compiler/bin/../lib/gcc/arm-none-eabi/7.3.1/../../../../arm-none-eabi/lib/thumb/v7e-m/fpv4-sp/hard\libc_nano.a(lib_a-nano-vfprintf_i.o)
                0x0800ad34                . = ALIGN (0x4)
 *fill*         0x0800ad33        0x1 

.ARM.extab
 *(.ARM.extab* .gnu.linkonce.armextab.*)

.ARM            0x0800ad34        0x8
                0x0800ad34                __exidx_start = .
 *(.ARM.exidx*)
 .ARM.exidx     0x0800ad34        0x8 c:/ac6/systemworkbench/plugins/fr.ac6.mcu.externaltools.arm-none.win32_1.17.0.201812190825/tools/compiler/bin/../lib/gcc/arm-none-eabi/7.3.1/thumb/v7e-m/fpv4-sp/hard\libgcc.a(_udivmoddi4.o)
                0x0800ad3c                __exidx_end = .

.rel.dyn        0x0800ad3c        0x0
 .rel.iplt      0x0800ad3c        0x0 c:/ac6/systemworkbench/plugins/fr.ac6.mcu.externaltools.arm-none.win32_1.17.0.201812190825/tools/compiler/bin/../lib/gcc/arm-none-eabi/7.3.1/thumb/v7e-m/fpv4-sp/hard/crtbegin.o

.preinit_array  0x0800ad3c        0x0
                0x0800ad3c                PROVIDE (__preinit_array_start = .)
 *(.preinit_array*)
                0x0800ad3c                PROVIDE (__preinit_array_end = .)

.init_array     0x0800ad3c        0x4
                0x0800ad3c                PROVIDE (__init_array_start = .)
 *(SORT_BY_NAME(.init_array.*))
 *(.init_array*)
 .init_array    0x0800ad3c        0x4 c:/ac6/systemworkbench/plugins/fr.ac6.mcu.externaltools.arm-none.win32_1.17.0.201812190825/tools/compiler/bin/../lib/gcc/arm-none-eabi/7.3.1/thumb/v7e-m/fpv4-sp/hard/crtbegin.o
                0x0800ad40                PROVIDE (__init_array_end = .)

.fini_array     0x0800ad40        0x4
                [!provide]                PROVIDE (__fini_array_start = .)
 *(SORT_BY_NAME(.fini_array.*))
 *(.fini_array*)
 .fini_array    0x0800ad40        0x4 c:/ac6/systemworkbench/plugins/fr.ac6.mcu.externaltools.arm-none.win32_1.17.0.201812190825/tools/compiler/bin/../lib/gcc/arm-none-eabi/7.3.1/thumb/v7e-m/fpv4-sp/hard/crtbegin.o
                [!provide]                PROVIDE (__fini_array_end = .)
                0x0800ad44                _sidata = LOADADDR (.data)

.data           0x20000000      0x494 load address 0x0800ad44
                0x20000000                . = ALIGN (0x4)
                0x20000000                _sdata = .
 *(.data)
 .data          0x20000000        0x8 Drivers/STM32F4xx_HAL_Driver/Src/stm32f4xx_hal.o
                0x20000000                uwTickFreq
                0x20000004                uwTickPrio
 .data          0x20000008      0x3f8 Middlewares/ST/AI/AI/src/network.o
 .data          0x20000400        0x4 Src/HAR/har_Preprocessing.o
 .data          0x20000404       0x21 Src/HAR/har_Processing.o
 *fill*         0x20000425        0x3 
 .data          0x20000428        0x4 Src/system_stm32f4xx.o
                0x20000428                SystemCoreClock
 *(.data*)
 .data.__fdlib_version
                0x2000042c        0x1 c:/ac6/systemworkbench/plugins/fr.ac6.mcu.externaltools.arm-none.win32_1.17.0.201812190825/tools/compiler/bin/../lib/gcc/arm-none-eabi/7.3.1/../../../../arm-none-eabi/lib/thumb/v7e-m/fpv4-sp/hard\libm.a(lib_a-s_lib_ver.o)
                0x2000042c                __fdlib_version
 *fill*         0x2000042d        0x3 
 .data._impure_ptr
                0x20000430        0x4 c:/ac6/systemworkbench/plugins/fr.ac6.mcu.externaltools.arm-none.win32_1.17.0.201812190825/tools/compiler/bin/../lib/gcc/arm-none-eabi/7.3.1/../../../../arm-none-eabi/lib/thumb/v7e-m/fpv4-sp/hard\libc_nano.a(lib_a-impure.o)
                0x20000430                _impure_ptr
 .data.impure_data
                0x20000434       0x60 c:/ac6/systemworkbench/plugins/fr.ac6.mcu.externaltools.arm-none.win32_1.17.0.201812190825/tools/compiler/bin/../lib/gcc/arm-none-eabi/7.3.1/../../../../arm-none-eabi/lib/thumb/v7e-m/fpv4-sp/hard\libc_nano.a(lib_a-impure.o)
                0x20000494                . = ALIGN (0x4)
                0x20000494                _edata = .
                0x0800b1d8                _siccmram = LOADADDR (.ccmram)

.igot.plt       0x20000494        0x0 load address 0x0800b1d8
 .igot.plt      0x20000494        0x0 c:/ac6/systemworkbench/plugins/fr.ac6.mcu.externaltools.arm-none.win32_1.17.0.201812190825/tools/compiler/bin/../lib/gcc/arm-none-eabi/7.3.1/thumb/v7e-m/fpv4-sp/hard/crtbegin.o

.ccmram         0x10000000        0x0 load address 0x0800b1d8
                0x10000000                . = ALIGN (0x4)
                0x10000000                _sccmram = .
 *(.ccmram)
 *(.ccmram*)
                0x10000000                . = ALIGN (0x4)
                0x10000000                _eccmram = .
                0x10000000                . = ALIGN (0x4)

.bss            0x20000494      0xb20
                0x20000494                _sbss = .
                0x20000494                __bss_start__ = _sbss
 *(.bss)
 .bss           0x20000494       0x1c c:/ac6/systemworkbench/plugins/fr.ac6.mcu.externaltools.arm-none.win32_1.17.0.201812190825/tools/compiler/bin/../lib/gcc/arm-none-eabi/7.3.1/thumb/v7e-m/fpv4-sp/hard/crtbegin.o
 .bss           0x200004b0       0x14 Middlewares/ST/AI/AI/src/network.o
 .bss           0x200004c4       0x24 Src/HAR/har_Postprocessing.o
 .bss           0x200004e8       0x48 Src/HAR/har_Preprocessing.o
 .bss           0x20000530      0x9d0 Src/HAR/har_Processing.o
 .bss           0x20000f00        0x8 Src/syscalls.o
                0x20000f04                __env
 *(.bss*)
 .bss.__malloc_free_list
                0x20000f08        0x4 c:/ac6/systemworkbench/plugins/fr.ac6.mcu.externaltools.arm-none.win32_1.17.0.201812190825/tools/compiler/bin/../lib/gcc/arm-none-eabi/7.3.1/../../../../arm-none-eabi/lib/thumb/v7e-m/fpv4-sp/hard\libc_nano.a(lib_a-nano-mallocr.o)
                0x20000f08                __malloc_free_list
 .bss.__malloc_sbrk_start
                0x20000f0c        0x4 c:/ac6/systemworkbench/plugins/fr.ac6.mcu.externaltools.arm-none.win32_1.17.0.201812190825/tools/compiler/bin/../lib/gcc/arm-none-eabi/7.3.1/../../../../arm-none-eabi/lib/thumb/v7e-m/fpv4-sp/hard\libc_nano.a(lib_a-nano-mallocr.o)
                0x20000f0c                __malloc_sbrk_start
 *(COMMON)
 COMMON         0x20000f10        0x4 Drivers/STM32F4xx_HAL_Driver/Src/stm32f4xx_hal.o
                0x20000f10                uwTick
 COMMON         0x20000f14       0x9c Src/main.o
                0x20000f14                huart3
                0x20000f54                hi2c1
                0x20000fa8                hcrc
 COMMON         0x20000fb0        0x4 c:/ac6/systemworkbench/plugins/fr.ac6.mcu.externaltools.arm-none.win32_1.17.0.201812190825/tools/compiler/bin/../lib/gcc/arm-none-eabi/7.3.1/../../../../arm-none-eabi/lib/thumb/v7e-m/fpv4-sp/hard\libc_nano.a(lib_a-reent.o)
                0x20000fb0                errno
                0x20000fb4                . = ALIGN (0x4)
                0x20000fb4                _ebss = .
                0x20000fb4                __bss_end__ = _ebss

._user_heap_stack
                0x20000fb4     0x6004
                0x20000fb8                . = ALIGN (0x8)
 *fill*         0x20000fb4        0x4 
                0x20000fb8                PROVIDE (end = .)
                [!provide]                PROVIDE (_end = .)
                0x20002fb8                . = (. + _Min_Heap_Size)
 *fill*         0x20000fb8     0x2000 
                0x20006fb8                . = (. + _Min_Stack_Size)
 *fill*         0x20002fb8     0x4000 
                0x20006fb8                . = ALIGN (0x8)

/DISCARD/
 libc.a(*)
 libm.a(*)
 libgcc.a(*)

.ARM.attributes
                0x00000000       0x34
 *(.ARM.attributes)
 .ARM.attributes
                0x00000000       0x22 c:/ac6/systemworkbench/plugins/fr.ac6.mcu.externaltools.arm-none.win32_1.17.0.201812190825/tools/compiler/bin/../lib/gcc/arm-none-eabi/7.3.1/thumb/v7e-m/fpv4-sp/hard/crti.o
 .ARM.attributes
                0x00000022       0x34 c:/ac6/systemworkbench/plugins/fr.ac6.mcu.externaltools.arm-none.win32_1.17.0.201812190825/tools/compiler/bin/../lib/gcc/arm-none-eabi/7.3.1/thumb/v7e-m/fpv4-sp/hard/crtbegin.o
 .ARM.attributes
                0x00000056       0x39 Drivers/CMSIS/DSP/Source/BasicMathFunctions/arm_dot_prod_f32.o
 .ARM.attributes
                0x0000008f       0x39 Drivers/STM32F4xx_HAL_Driver/Src/stm32f4xx_hal.o
 .ARM.attributes
                0x000000c8       0x39 Drivers/STM32F4xx_HAL_Driver/Src/stm32f4xx_hal_cortex.o
 .ARM.attributes
                0x00000101       0x39 Drivers/STM32F4xx_HAL_Driver/Src/stm32f4xx_hal_crc.o
 .ARM.attributes
                0x0000013a       0x39 Drivers/STM32F4xx_HAL_Driver/Src/stm32f4xx_hal_gpio.o
 .ARM.attributes
                0x00000173       0x39 Drivers/STM32F4xx_HAL_Driver/Src/stm32f4xx_hal_i2c.o
 .ARM.attributes
                0x000001ac       0x39 Drivers/STM32F4xx_HAL_Driver/Src/stm32f4xx_hal_i2c_ex.o
 .ARM.attributes
                0x000001e5       0x39 Drivers/STM32F4xx_HAL_Driver/Src/stm32f4xx_hal_rcc.o
 .ARM.attributes
                0x0000021e       0x39 Drivers/STM32F4xx_HAL_Driver/Src/stm32f4xx_hal_uart.o
 .ARM.attributes
                0x00000257       0x39 Middlewares/ST/AI/AI/data/network_data.o
 .ARM.attributes
                0x00000290       0x39 Middlewares/ST/AI/AI/src/network.o
 .ARM.attributes
                0x000002c9       0x39 Src/HAR/har_Postprocessing.o
 .ARM.attributes
                0x00000302       0x39 Src/HAR/har_Preprocessing.o
 .ARM.attributes
                0x0000033b       0x39 Src/HAR/har_Processing.o
 .ARM.attributes
                0x00000374       0x39 Src/app_x-cube-ai.o
 .ARM.attributes
                0x000003ad       0x39 Src/main.o
 .ARM.attributes
                0x000003e6       0x39 Src/stm32f4xx_hal_msp.o
 .ARM.attributes
                0x0000041f       0x39 Src/stm32f4xx_it.o
 .ARM.attributes
                0x00000458       0x39 Src/syscalls.o
 .ARM.attributes
                0x00000491       0x39 Src/system_stm32f4xx.o
 .ARM.attributes
                0x000004ca       0x21 startup/startup_stm32f429xx.o
 .ARM.attributes
                0x000004eb       0x56 E:\AI_test_01\Middlewares\ST\AI\AI\lib/network_runtime.a(ai_platform_interface.o)
 .ARM.attributes
                0x00000541       0x58 E:\AI_test_01\Middlewares\ST\AI\AI\lib/network_runtime.a(core_common.o)
 .ARM.attributes
                0x00000599       0x56 E:\AI_test_01\Middlewares\ST\AI\AI\lib/network_runtime.a(layers.o)
 .ARM.attributes
                0x000005ef       0x56 E:\AI_test_01\Middlewares\ST\AI\AI\lib/network_runtime.a(layers_conv2d_generic_float.o)
 .ARM.attributes
                0x00000645       0x58 E:\AI_test_01\Middlewares\ST\AI\AI\lib/network_runtime.a(layers_nl_generic_float.o)
 .ARM.attributes
                0x0000069d       0x58 E:\AI_test_01\Middlewares\ST\AI\AI\lib/network_runtime.a(layers_pool_generic_float.o)
 .ARM.attributes
                0x000006f5       0x58 E:\AI_test_01\Middlewares\ST\AI\AI\lib/network_runtime.a(ai_math_helpers.o)
 .ARM.attributes
                0x0000074d       0x34 c:/ac6/systemworkbench/plugins/fr.ac6.mcu.externaltools.arm-none.win32_1.17.0.201812190825/tools/compiler/bin/../lib/gcc/arm-none-eabi/7.3.1/../../../../arm-none-eabi/lib/thumb/v7e-m/fpv4-sp/hard\libm.a(lib_a-sf_tanh.o)
 .ARM.attributes
                0x00000781       0x34 c:/ac6/systemworkbench/plugins/fr.ac6.mcu.externaltools.arm-none.win32_1.17.0.201812190825/tools/compiler/bin/../lib/gcc/arm-none-eabi/7.3.1/../../../../arm-none-eabi/lib/thumb/v7e-m/fpv4-sp/hard\libm.a(lib_a-wf_exp.o)
 .ARM.attributes
                0x000007b5       0x34 c:/ac6/systemworkbench/plugins/fr.ac6.mcu.externaltools.arm-none.win32_1.17.0.201812190825/tools/compiler/bin/../lib/gcc/arm-none-eabi/7.3.1/../../../../arm-none-eabi/lib/thumb/v7e-m/fpv4-sp/hard\libm.a(lib_a-wf_pow.o)
 .ARM.attributes
                0x000007e9       0x34 c:/ac6/systemworkbench/plugins/fr.ac6.mcu.externaltools.arm-none.win32_1.17.0.201812190825/tools/compiler/bin/../lib/gcc/arm-none-eabi/7.3.1/../../../../arm-none-eabi/lib/thumb/v7e-m/fpv4-sp/hard\libm.a(lib_a-wf_sqrt.o)
 .ARM.attributes
                0x0000081d       0x34 c:/ac6/systemworkbench/plugins/fr.ac6.mcu.externaltools.arm-none.win32_1.17.0.201812190825/tools/compiler/bin/../lib/gcc/arm-none-eabi/7.3.1/../../../../arm-none-eabi/lib/thumb/v7e-m/fpv4-sp/hard\libm.a(lib_a-ef_exp.o)
 .ARM.attributes
                0x00000851       0x34 c:/ac6/systemworkbench/plugins/fr.ac6.mcu.externaltools.arm-none.win32_1.17.0.201812190825/tools/compiler/bin/../lib/gcc/arm-none-eabi/7.3.1/../../../../arm-none-eabi/lib/thumb/v7e-m/fpv4-sp/hard\libm.a(lib_a-ef_pow.o)
 .ARM.attributes
                0x00000885       0x34 c:/ac6/systemworkbench/plugins/fr.ac6.mcu.externaltools.arm-none.win32_1.17.0.201812190825/tools/compiler/bin/../lib/gcc/arm-none-eabi/7.3.1/../../../../arm-none-eabi/lib/thumb/v7e-m/fpv4-sp/hard\libm.a(lib_a-ef_sqrt.o)
 .ARM.attributes
                0x000008b9       0x34 c:/ac6/systemworkbench/plugins/fr.ac6.mcu.externaltools.arm-none.win32_1.17.0.201812190825/tools/compiler/bin/../lib/gcc/arm-none-eabi/7.3.1/../../../../arm-none-eabi/lib/thumb/v7e-m/fpv4-sp/hard\libm.a(lib_a-s_lib_ver.o)
 .ARM.attributes
                0x000008ed       0x34 c:/ac6/systemworkbench/plugins/fr.ac6.mcu.externaltools.arm-none.win32_1.17.0.201812190825/tools/compiler/bin/../lib/gcc/arm-none-eabi/7.3.1/../../../../arm-none-eabi/lib/thumb/v7e-m/fpv4-sp/hard\libm.a(lib_a-s_matherr.o)
 .ARM.attributes
                0x00000921       0x34 c:/ac6/systemworkbench/plugins/fr.ac6.mcu.externaltools.arm-none.win32_1.17.0.201812190825/tools/compiler/bin/../lib/gcc/arm-none-eabi/7.3.1/../../../../arm-none-eabi/lib/thumb/v7e-m/fpv4-sp/hard\libm.a(lib_a-sf_expm1.o)
 .ARM.attributes
                0x00000955       0x34 c:/ac6/systemworkbench/plugins/fr.ac6.mcu.externaltools.arm-none.win32_1.17.0.201812190825/tools/compiler/bin/../lib/gcc/arm-none-eabi/7.3.1/../../../../arm-none-eabi/lib/thumb/v7e-m/fpv4-sp/hard\libm.a(lib_a-sf_fabs.o)
 .ARM.attributes
                0x00000989       0x34 c:/ac6/systemworkbench/plugins/fr.ac6.mcu.externaltools.arm-none.win32_1.17.0.201812190825/tools/compiler/bin/../lib/gcc/arm-none-eabi/7.3.1/../../../../arm-none-eabi/lib/thumb/v7e-m/fpv4-sp/hard\libm.a(lib_a-sf_finite.o)
 .ARM.attributes
                0x000009bd       0x34 c:/ac6/systemworkbench/plugins/fr.ac6.mcu.externaltools.arm-none.win32_1.17.0.201812190825/tools/compiler/bin/../lib/gcc/arm-none-eabi/7.3.1/../../../../arm-none-eabi/lib/thumb/v7e-m/fpv4-sp/hard\libm.a(lib_a-sf_nan.o)
 .ARM.attributes
                0x000009f1       0x34 c:/ac6/systemworkbench/plugins/fr.ac6.mcu.externaltools.arm-none.win32_1.17.0.201812190825/tools/compiler/bin/../lib/gcc/arm-none-eabi/7.3.1/../../../../arm-none-eabi/lib/thumb/v7e-m/fpv4-sp/hard\libm.a(lib_a-sf_rint.o)
 .ARM.attributes
                0x00000a25       0x34 c:/ac6/systemworkbench/plugins/fr.ac6.mcu.externaltools.arm-none.win32_1.17.0.201812190825/tools/compiler/bin/../lib/gcc/arm-none-eabi/7.3.1/../../../../arm-none-eabi/lib/thumb/v7e-m/fpv4-sp/hard\libm.a(lib_a-sf_scalbn.o)
 .ARM.attributes
                0x00000a59       0x34 c:/ac6/systemworkbench/plugins/fr.ac6.mcu.externaltools.arm-none.win32_1.17.0.201812190825/tools/compiler/bin/../lib/gcc/arm-none-eabi/7.3.1/../../../../arm-none-eabi/lib/thumb/v7e-m/fpv4-sp/hard\libm.a(lib_a-sf_copysign.o)
 .ARM.attributes
                0x00000a8d       0x22 c:/ac6/systemworkbench/plugins/fr.ac6.mcu.externaltools.arm-none.win32_1.17.0.201812190825/tools/compiler/bin/../lib/gcc/arm-none-eabi/7.3.1/thumb/v7e-m/fpv4-sp/hard\libgcc.a(_arm_addsubdf3.o)
 .ARM.attributes
                0x00000aaf       0x22 c:/ac6/systemworkbench/plugins/fr.ac6.mcu.externaltools.arm-none.win32_1.17.0.201812190825/tools/compiler/bin/../lib/gcc/arm-none-eabi/7.3.1/thumb/v7e-m/fpv4-sp/hard\libgcc.a(_arm_muldivdf3.o)
 .ARM.attributes
                0x00000ad1       0x22 c:/ac6/systemworkbench/plugins/fr.ac6.mcu.externaltools.arm-none.win32_1.17.0.201812190825/tools/compiler/bin/../lib/gcc/arm-none-eabi/7.3.1/thumb/v7e-m/fpv4-sp/hard\libgcc.a(_arm_truncdfsf2.o)
 .ARM.attributes
                0x00000af3       0x22 c:/ac6/systemworkbench/plugins/fr.ac6.mcu.externaltools.arm-none.win32_1.17.0.201812190825/tools/compiler/bin/../lib/gcc/arm-none-eabi/7.3.1/thumb/v7e-m/fpv4-sp/hard\libgcc.a(_aeabi_uldivmod.o)
 .ARM.attributes
                0x00000b15       0x34 c:/ac6/systemworkbench/plugins/fr.ac6.mcu.externaltools.arm-none.win32_1.17.0.201812190825/tools/compiler/bin/../lib/gcc/arm-none-eabi/7.3.1/thumb/v7e-m/fpv4-sp/hard\libgcc.a(_udivmoddi4.o)
 .ARM.attributes
                0x00000b49       0x22 c:/ac6/systemworkbench/plugins/fr.ac6.mcu.externaltools.arm-none.win32_1.17.0.201812190825/tools/compiler/bin/../lib/gcc/arm-none-eabi/7.3.1/thumb/v7e-m/fpv4-sp/hard\libgcc.a(_dvmd_tls.o)
 .ARM.attributes
                0x00000b6b       0x34 c:/ac6/systemworkbench/plugins/fr.ac6.mcu.externaltools.arm-none.win32_1.17.0.201812190825/tools/compiler/bin/../lib/gcc/arm-none-eabi/7.3.1/../../../../arm-none-eabi/lib/thumb/v7e-m/fpv4-sp/hard\libc_nano.a(lib_a-aeabi_memcpy.o)
 .ARM.attributes
                0x00000b9f       0x34 c:/ac6/systemworkbench/plugins/fr.ac6.mcu.externaltools.arm-none.win32_1.17.0.201812190825/tools/compiler/bin/../lib/gcc/arm-none-eabi/7.3.1/../../../../arm-none-eabi/lib/thumb/v7e-m/fpv4-sp/hard\libc_nano.a(lib_a-errno.o)
 .ARM.attributes
                0x00000bd3       0x34 c:/ac6/systemworkbench/plugins/fr.ac6.mcu.externaltools.arm-none.win32_1.17.0.201812190825/tools/compiler/bin/../lib/gcc/arm-none-eabi/7.3.1/../../../../arm-none-eabi/lib/thumb/v7e-m/fpv4-sp/hard\libc_nano.a(lib_a-impure.o)
 .ARM.attributes
                0x00000c07       0x34 c:/ac6/systemworkbench/plugins/fr.ac6.mcu.externaltools.arm-none.win32_1.17.0.201812190825/tools/compiler/bin/../lib/gcc/arm-none-eabi/7.3.1/../../../../arm-none-eabi/lib/thumb/v7e-m/fpv4-sp/hard\libc_nano.a(lib_a-init.o)
 .ARM.attributes
                0x00000c3b       0x34 c:/ac6/systemworkbench/plugins/fr.ac6.mcu.externaltools.arm-none.win32_1.17.0.201812190825/tools/compiler/bin/../lib/gcc/arm-none-eabi/7.3.1/../../../../arm-none-eabi/lib/thumb/v7e-m/fpv4-sp/hard\libc_nano.a(lib_a-memcmp.o)
 .ARM.attributes
                0x00000c6f       0x34 c:/ac6/systemworkbench/plugins/fr.ac6.mcu.externaltools.arm-none.win32_1.17.0.201812190825/tools/compiler/bin/../lib/gcc/arm-none-eabi/7.3.1/../../../../arm-none-eabi/lib/thumb/v7e-m/fpv4-sp/hard\libc_nano.a(lib_a-memcpy-stub.o)
 .ARM.attributes
                0x00000ca3       0x34 c:/ac6/systemworkbench/plugins/fr.ac6.mcu.externaltools.arm-none.win32_1.17.0.201812190825/tools/compiler/bin/../lib/gcc/arm-none-eabi/7.3.1/../../../../arm-none-eabi/lib/thumb/v7e-m/fpv4-sp/hard\libc_nano.a(lib_a-memset.o)
 .ARM.attributes
                0x00000cd7       0x34 c:/ac6/systemworkbench/plugins/fr.ac6.mcu.externaltools.arm-none.win32_1.17.0.201812190825/tools/compiler/bin/../lib/gcc/arm-none-eabi/7.3.1/../../../../arm-none-eabi/lib/thumb/v7e-m/fpv4-sp/hard\libc_nano.a(lib_a-printf.o)
 .ARM.attributes
                0x00000d0b       0x34 c:/ac6/systemworkbench/plugins/fr.ac6.mcu.externaltools.arm-none.win32_1.17.0.201812190825/tools/compiler/bin/../lib/gcc/arm-none-eabi/7.3.1/../../../../arm-none-eabi/lib/thumb/v7e-m/fpv4-sp/hard\libc_nano.a(lib_a-puts.o)
 .ARM.attributes
                0x00000d3f       0x34 c:/ac6/systemworkbench/plugins/fr.ac6.mcu.externaltools.arm-none.win32_1.17.0.201812190825/tools/compiler/bin/../lib/gcc/arm-none-eabi/7.3.1/../../../../arm-none-eabi/lib/thumb/v7e-m/fpv4-sp/hard\libc_nano.a(lib_a-wbuf.o)
 .ARM.attributes
                0x00000d73       0x34 c:/ac6/systemworkbench/plugins/fr.ac6.mcu.externaltools.arm-none.win32_1.17.0.201812190825/tools/compiler/bin/../lib/gcc/arm-none-eabi/7.3.1/../../../../arm-none-eabi/lib/thumb/v7e-m/fpv4-sp/hard\libc_nano.a(lib_a-wsetup.o)
 .ARM.attributes
                0x00000da7       0x34 c:/ac6/systemworkbench/plugins/fr.ac6.mcu.externaltools.arm-none.win32_1.17.0.201812190825/tools/compiler/bin/../lib/gcc/arm-none-eabi/7.3.1/../../../../arm-none-eabi/lib/thumb/v7e-m/fpv4-sp/hard\libc_nano.a(lib_a-fflush.o)
 .ARM.attributes
                0x00000ddb       0x34 c:/ac6/systemworkbench/plugins/fr.ac6.mcu.externaltools.arm-none.win32_1.17.0.201812190825/tools/compiler/bin/../lib/gcc/arm-none-eabi/7.3.1/../../../../arm-none-eabi/lib/thumb/v7e-m/fpv4-sp/hard\libc_nano.a(lib_a-findfp.o)
 .ARM.attributes
                0x00000e0f       0x34 c:/ac6/systemworkbench/plugins/fr.ac6.mcu.externaltools.arm-none.win32_1.17.0.201812190825/tools/compiler/bin/../lib/gcc/arm-none-eabi/7.3.1/../../../../arm-none-eabi/lib/thumb/v7e-m/fpv4-sp/hard\libc_nano.a(lib_a-fwalk.o)
 .ARM.attributes
                0x00000e43       0x34 c:/ac6/systemworkbench/plugins/fr.ac6.mcu.externaltools.arm-none.win32_1.17.0.201812190825/tools/compiler/bin/../lib/gcc/arm-none-eabi/7.3.1/../../../../arm-none-eabi/lib/thumb/v7e-m/fpv4-sp/hard\libc_nano.a(lib_a-makebuf.o)
 .ARM.attributes
                0x00000e77       0x34 c:/ac6/systemworkbench/plugins/fr.ac6.mcu.externaltools.arm-none.win32_1.17.0.201812190825/tools/compiler/bin/../lib/gcc/arm-none-eabi/7.3.1/../../../../arm-none-eabi/lib/thumb/v7e-m/fpv4-sp/hard\libc_nano.a(lib_a-nano-freer.o)
 .ARM.attributes
                0x00000eab       0x34 c:/ac6/systemworkbench/plugins/fr.ac6.mcu.externaltools.arm-none.win32_1.17.0.201812190825/tools/compiler/bin/../lib/gcc/arm-none-eabi/7.3.1/../../../../arm-none-eabi/lib/thumb/v7e-m/fpv4-sp/hard\libc_nano.a(lib_a-nano-mallocr.o)
 .ARM.attributes
                0x00000edf       0x34 c:/ac6/systemworkbench/plugins/fr.ac6.mcu.externaltools.arm-none.win32_1.17.0.201812190825/tools/compiler/bin/../lib/gcc/arm-none-eabi/7.3.1/../../../../arm-none-eabi/lib/thumb/v7e-m/fpv4-sp/hard\libc_nano.a(lib_a-nano-vfprintf.o)
 .ARM.attributes
                0x00000f13       0x34 c:/ac6/systemworkbench/plugins/fr.ac6.mcu.externaltools.arm-none.win32_1.17.0.201812190825/tools/compiler/bin/../lib/gcc/arm-none-eabi/7.3.1/../../../../arm-none-eabi/lib/thumb/v7e-m/fpv4-sp/hard\libc_nano.a(lib_a-nano-vfprintf_i.o)
 .ARM.attributes
                0x00000f47       0x34 c:/ac6/systemworkbench/plugins/fr.ac6.mcu.externaltools.arm-none.win32_1.17.0.201812190825/tools/compiler/bin/../lib/gcc/arm-none-eabi/7.3.1/../../../../arm-none-eabi/lib/thumb/v7e-m/fpv4-sp/hard\libc_nano.a(lib_a-sbrkr.o)
 .ARM.attributes
                0x00000f7b       0x34 c:/ac6/systemworkbench/plugins/fr.ac6.mcu.externaltools.arm-none.win32_1.17.0.201812190825/tools/compiler/bin/../lib/gcc/arm-none-eabi/7.3.1/../../../../arm-none-eabi/lib/thumb/v7e-m/fpv4-sp/hard\libc_nano.a(lib_a-stdio.o)
 .ARM.attributes
                0x00000faf       0x34 c:/ac6/systemworkbench/plugins/fr.ac6.mcu.externaltools.arm-none.win32_1.17.0.201812190825/tools/compiler/bin/../lib/gcc/arm-none-eabi/7.3.1/../../../../arm-none-eabi/lib/thumb/v7e-m/fpv4-sp/hard\libc_nano.a(lib_a-writer.o)
 .ARM.attributes
                0x00000fe3       0x34 c:/ac6/systemworkbench/plugins/fr.ac6.mcu.externaltools.arm-none.win32_1.17.0.201812190825/tools/compiler/bin/../lib/gcc/arm-none-eabi/7.3.1/../../../../arm-none-eabi/lib/thumb/v7e-m/fpv4-sp/hard\libc_nano.a(lib_a-closer.o)
 .ARM.attributes
                0x00001017       0x34 c:/ac6/systemworkbench/plugins/fr.ac6.mcu.externaltools.arm-none.win32_1.17.0.201812190825/tools/compiler/bin/../lib/gcc/arm-none-eabi/7.3.1/../../../../arm-none-eabi/lib/thumb/v7e-m/fpv4-sp/hard\libc_nano.a(lib_a-fstatr.o)
 .ARM.attributes
                0x0000104b       0x34 c:/ac6/systemworkbench/plugins/fr.ac6.mcu.externaltools.arm-none.win32_1.17.0.201812190825/tools/compiler/bin/../lib/gcc/arm-none-eabi/7.3.1/../../../../arm-none-eabi/lib/thumb/v7e-m/fpv4-sp/hard\libc_nano.a(lib_a-isattyr.o)
 .ARM.attributes
                0x0000107f       0x34 c:/ac6/systemworkbench/plugins/fr.ac6.mcu.externaltools.arm-none.win32_1.17.0.201812190825/tools/compiler/bin/../lib/gcc/arm-none-eabi/7.3.1/../../../../arm-none-eabi/lib/thumb/v7e-m/fpv4-sp/hard\libc_nano.a(lib_a-lseekr.o)
 .ARM.attributes
                0x000010b3       0x20 c:/ac6/systemworkbench/plugins/fr.ac6.mcu.externaltools.arm-none.win32_1.17.0.201812190825/tools/compiler/bin/../lib/gcc/arm-none-eabi/7.3.1/../../../../arm-none-eabi/lib/thumb/v7e-m/fpv4-sp/hard\libc_nano.a(lib_a-memchr.o)
 .ARM.attributes
                0x000010d3       0x34 c:/ac6/systemworkbench/plugins/fr.ac6.mcu.externaltools.arm-none.win32_1.17.0.201812190825/tools/compiler/bin/../lib/gcc/arm-none-eabi/7.3.1/../../../../arm-none-eabi/lib/thumb/v7e-m/fpv4-sp/hard\libc_nano.a(lib_a-mlock.o)
 .ARM.attributes
                0x00001107       0x34 c:/ac6/systemworkbench/plugins/fr.ac6.mcu.externaltools.arm-none.win32_1.17.0.201812190825/tools/compiler/bin/../lib/gcc/arm-none-eabi/7.3.1/../../../../arm-none-eabi/lib/thumb/v7e-m/fpv4-sp/hard\libc_nano.a(lib_a-readr.o)
 .ARM.attributes
                0x0000113b       0x34 c:/ac6/systemworkbench/plugins/fr.ac6.mcu.externaltools.arm-none.win32_1.17.0.201812190825/tools/compiler/bin/../lib/gcc/arm-none-eabi/7.3.1/../../../../arm-none-eabi/lib/thumb/v7e-m/fpv4-sp/hard\libc_nano.a(lib_a-reent.o)
 .ARM.attributes
                0x0000116f       0x22 c:/ac6/systemworkbench/plugins/fr.ac6.mcu.externaltools.arm-none.win32_1.17.0.201812190825/tools/compiler/bin/../lib/gcc/arm-none-eabi/7.3.1/thumb/v7e-m/fpv4-sp/hard/crtn.o
OUTPUT(AI_test_01.elf elf32-littlearm)

.debug_info     0x00000000    0x11d25
 .debug_info    0x00000000      0x970 Drivers/CMSIS/DSP/Source/BasicMathFunctions/arm_dot_prod_f32.o
 .debug_info    0x00000970      0xa40 Drivers/STM32F4xx_HAL_Driver/Src/stm32f4xx_hal.o
 .debug_info    0x000013b0      0xf70 Drivers/STM32F4xx_HAL_Driver/Src/stm32f4xx_hal_cortex.o
 .debug_info    0x00002320      0x416 Drivers/STM32F4xx_HAL_Driver/Src/stm32f4xx_hal_crc.o
 .debug_info    0x00002736      0x78a Drivers/STM32F4xx_HAL_Driver/Src/stm32f4xx_hal_gpio.o
 .debug_info    0x00002ec0     0x328a Drivers/STM32F4xx_HAL_Driver/Src/stm32f4xx_hal_i2c.o
 .debug_info    0x0000614a      0x6d0 Drivers/STM32F4xx_HAL_Driver/Src/stm32f4xx_hal_i2c_ex.o
 .debug_info    0x0000681a      0xa53 Drivers/STM32F4xx_HAL_Driver/Src/stm32f4xx_hal_rcc.o
 .debug_info    0x0000726d     0x1730 Drivers/STM32F4xx_HAL_Driver/Src/stm32f4xx_hal_uart.o
 .debug_info    0x0000899d      0x101 Middlewares/ST/AI/AI/data/network_data.o
 .debug_info    0x00008a9e     0x1a35 Middlewares/ST/AI/AI/src/network.o
 .debug_info    0x0000a4d3      0x2e1 Src/HAR/har_Postprocessing.o
 .debug_info    0x0000a7b4      0xdb1 Src/HAR/har_Preprocessing.o
 .debug_info    0x0000b565     0x19cc Src/HAR/har_Processing.o
 .debug_info    0x0000cf31     0x154d Src/app_x-cube-ai.o
 .debug_info    0x0000e47e     0x13dd Src/main.o
 .debug_info    0x0000f85b      0xde8 Src/stm32f4xx_hal_msp.o
 .debug_info    0x00010643      0x1cc Src/stm32f4xx_it.o
 .debug_info    0x0001080f      0xfd3 Src/syscalls.o
 .debug_info    0x000117e2      0x521 Src/system_stm32f4xx.o
 .debug_info    0x00011d03       0x22 startup/startup_stm32f429xx.o

.debug_abbrev   0x00000000     0x2c89
 .debug_abbrev  0x00000000      0x1fa Drivers/CMSIS/DSP/Source/BasicMathFunctions/arm_dot_prod_f32.o
 .debug_abbrev  0x000001fa      0x1f1 Drivers/STM32F4xx_HAL_Driver/Src/stm32f4xx_hal.o
 .debug_abbrev  0x000003eb      0x328 Drivers/STM32F4xx_HAL_Driver/Src/stm32f4xx_hal_cortex.o
 .debug_abbrev  0x00000713      0x1d0 Drivers/STM32F4xx_HAL_Driver/Src/stm32f4xx_hal_crc.o
 .debug_abbrev  0x000008e3      0x1e7 Drivers/STM32F4xx_HAL_Driver/Src/stm32f4xx_hal_gpio.o
 .debug_abbrev  0x00000aca      0x284 Drivers/STM32F4xx_HAL_Driver/Src/stm32f4xx_hal_i2c.o
 .debug_abbrev  0x00000d4e      0x16d Drivers/STM32F4xx_HAL_Driver/Src/stm32f4xx_hal_i2c_ex.o
 .debug_abbrev  0x00000ebb      0x273 Drivers/STM32F4xx_HAL_Driver/Src/stm32f4xx_hal_rcc.o
 .debug_abbrev  0x0000112e      0x270 Drivers/STM32F4xx_HAL_Driver/Src/stm32f4xx_hal_uart.o
 .debug_abbrev  0x0000139e       0x88 Middlewares/ST/AI/AI/data/network_data.o
 .debug_abbrev  0x00001426      0x3ac Middlewares/ST/AI/AI/src/network.o
 .debug_abbrev  0x000017d2      0x132 Src/HAR/har_Postprocessing.o
 .debug_abbrev  0x00001904      0x294 Src/HAR/har_Preprocessing.o
 .debug_abbrev  0x00001b98      0x3ff Src/HAR/har_Processing.o
 .debug_abbrev  0x00001f97      0x3f0 Src/app_x-cube-ai.o
 .debug_abbrev  0x00002387      0x296 Src/main.o
 .debug_abbrev  0x0000261d      0x1ab Src/stm32f4xx_hal_msp.o
 .debug_abbrev  0x000027c8       0xca Src/stm32f4xx_it.o
 .debug_abbrev  0x00002892      0x2d4 Src/syscalls.o
 .debug_abbrev  0x00002b66      0x111 Src/system_stm32f4xx.o
 .debug_abbrev  0x00002c77       0x12 startup/startup_stm32f429xx.o

.debug_loc      0x00000000     0x7c63
 .debug_loc     0x00000000      0x137 Drivers/CMSIS/DSP/Source/BasicMathFunctions/arm_dot_prod_f32.o
 .debug_loc     0x00000137       0xfd Drivers/STM32F4xx_HAL_Driver/Src/stm32f4xx_hal.o
 .debug_loc     0x00000234      0x5ce Drivers/STM32F4xx_HAL_Driver/Src/stm32f4xx_hal_cortex.o
 .debug_loc     0x00000802      0x21b Drivers/STM32F4xx_HAL_Driver/Src/stm32f4xx_hal_crc.o
 .debug_loc     0x00000a1d      0x497 Drivers/STM32F4xx_HAL_Driver/Src/stm32f4xx_hal_gpio.o
 .debug_loc     0x00000eb4     0x3673 Drivers/STM32F4xx_HAL_Driver/Src/stm32f4xx_hal_i2c.o
 .debug_loc     0x00004527      0x102 Drivers/STM32F4xx_HAL_Driver/Src/stm32f4xx_hal_i2c_ex.o
 .debug_loc     0x00004629      0x3f1 Drivers/STM32F4xx_HAL_Driver/Src/stm32f4xx_hal_rcc.o
 .debug_loc     0x00004a1a     0x154f Drivers/STM32F4xx_HAL_Driver/Src/stm32f4xx_hal_uart.o
 .debug_loc     0x00005f69      0x2ae Middlewares/ST/AI/AI/src/network.o
 .debug_loc     0x00006217      0x22e Src/HAR/har_Postprocessing.o
 .debug_loc     0x00006445      0x38f Src/HAR/har_Preprocessing.o
 .debug_loc     0x000067d4      0x51d Src/HAR/har_Processing.o
 .debug_loc     0x00006cf1      0x96b Src/app_x-cube-ai.o
 .debug_loc     0x0000765c       0x32 Src/main.o
 .debug_loc     0x0000768e       0xe8 Src/stm32f4xx_hal_msp.o
 .debug_loc     0x00007776      0x3af Src/syscalls.o
 .debug_loc     0x00007b25      0x13e Src/system_stm32f4xx.o

.debug_aranges  0x00000000      0xb18
 .debug_aranges
                0x00000000       0x20 Drivers/CMSIS/DSP/Source/BasicMathFunctions/arm_dot_prod_f32.o
 .debug_aranges
                0x00000020      0x100 Drivers/STM32F4xx_HAL_Driver/Src/stm32f4xx_hal.o
 .debug_aranges
                0x00000120       0xa8 Drivers/STM32F4xx_HAL_Driver/Src/stm32f4xx_hal_cortex.o
 .debug_aranges
                0x000001c8       0x50 Drivers/STM32F4xx_HAL_Driver/Src/stm32f4xx_hal_crc.o
 .debug_aranges
                0x00000218       0x58 Drivers/STM32F4xx_HAL_Driver/Src/stm32f4xx_hal_gpio.o
 .debug_aranges
                0x00000270      0x290 Drivers/STM32F4xx_HAL_Driver/Src/stm32f4xx_hal_i2c.o
 .debug_aranges
                0x00000500       0x28 Drivers/STM32F4xx_HAL_Driver/Src/stm32f4xx_hal_i2c_ex.o
 .debug_aranges
                0x00000528       0x88 Drivers/STM32F4xx_HAL_Driver/Src/stm32f4xx_hal_rcc.o
 .debug_aranges
                0x000005b0      0x1d0 Drivers/STM32F4xx_HAL_Driver/Src/stm32f4xx_hal_uart.o
 .debug_aranges
                0x00000780       0x20 Middlewares/ST/AI/AI/data/network_data.o
 .debug_aranges
                0x000007a0       0x50 Middlewares/ST/AI/AI/src/network.o
 .debug_aranges
                0x000007f0       0x38 Src/HAR/har_Postprocessing.o
 .debug_aranges
                0x00000828       0x38 Src/HAR/har_Preprocessing.o
 .debug_aranges
                0x00000860       0x40 Src/HAR/har_Processing.o
 .debug_aranges
                0x000008a0       0x70 Src/app_x-cube-ai.o
 .debug_aranges
                0x00000910       0x58 Src/main.o
 .debug_aranges
                0x00000968       0x50 Src/stm32f4xx_hal_msp.o
 .debug_aranges
                0x000009b8       0x60 Src/stm32f4xx_it.o
 .debug_aranges
                0x00000a18       0xb0 Src/syscalls.o
 .debug_aranges
                0x00000ac8       0x28 Src/system_stm32f4xx.o
 .debug_aranges
                0x00000af0       0x28 startup/startup_stm32f429xx.o

.debug_ranges   0x00000000      0xd58
 .debug_ranges  0x00000000       0x10 Drivers/CMSIS/DSP/Source/BasicMathFunctions/arm_dot_prod_f32.o
 .debug_ranges  0x00000010       0xf0 Drivers/STM32F4xx_HAL_Driver/Src/stm32f4xx_hal.o
 .debug_ranges  0x00000100       0xf8 Drivers/STM32F4xx_HAL_Driver/Src/stm32f4xx_hal_cortex.o
 .debug_ranges  0x000001f8       0x40 Drivers/STM32F4xx_HAL_Driver/Src/stm32f4xx_hal_crc.o
 .debug_ranges  0x00000238       0x48 Drivers/STM32F4xx_HAL_Driver/Src/stm32f4xx_hal_gpio.o
 .debug_ranges  0x00000280      0x298 Drivers/STM32F4xx_HAL_Driver/Src/stm32f4xx_hal_i2c.o
 .debug_ranges  0x00000518       0x18 Drivers/STM32F4xx_HAL_Driver/Src/stm32f4xx_hal_i2c_ex.o
 .debug_ranges  0x00000530       0x90 Drivers/STM32F4xx_HAL_Driver/Src/stm32f4xx_hal_rcc.o
 .debug_ranges  0x000005c0      0x1c0 Drivers/STM32F4xx_HAL_Driver/Src/stm32f4xx_hal_uart.o
 .debug_ranges  0x00000780       0x10 Middlewares/ST/AI/AI/data/network_data.o
 .debug_ranges  0x00000790       0x40 Middlewares/ST/AI/AI/src/network.o
 .debug_ranges  0x000007d0       0x58 Src/HAR/har_Postprocessing.o
 .debug_ranges  0x00000828       0x28 Src/HAR/har_Preprocessing.o
 .debug_ranges  0x00000850      0x118 Src/HAR/har_Processing.o
 .debug_ranges  0x00000968      0x240 Src/app_x-cube-ai.o
 .debug_ranges  0x00000ba8       0x48 Src/main.o
 .debug_ranges  0x00000bf0       0x40 Src/stm32f4xx_hal_msp.o
 .debug_ranges  0x00000c30       0x50 Src/stm32f4xx_it.o
 .debug_ranges  0x00000c80       0xa0 Src/syscalls.o
 .debug_ranges  0x00000d20       0x18 Src/system_stm32f4xx.o
 .debug_ranges  0x00000d38       0x20 startup/startup_stm32f429xx.o

.debug_macro    0x00000000    0x255b3
 .debug_macro   0x00000000      0x179 Drivers/CMSIS/DSP/Source/BasicMathFunctions/arm_dot_prod_f32.o
 .debug_macro   0x00000179      0xa6c Drivers/CMSIS/DSP/Source/BasicMathFunctions/arm_dot_prod_f32.o
 .debug_macro   0x00000be5       0x12 Drivers/CMSIS/DSP/Source/BasicMathFunctions/arm_dot_prod_f32.o
 .debug_macro   0x00000bf7       0x22 Drivers/CMSIS/DSP/Source/BasicMathFunctions/arm_dot_prod_f32.o
 .debug_macro   0x00000c19       0x8e Drivers/CMSIS/DSP/Source/BasicMathFunctions/arm_dot_prod_f32.o
 .debug_macro   0x00000ca7       0x51 Drivers/CMSIS/DSP/Source/BasicMathFunctions/arm_dot_prod_f32.o
 .debug_macro   0x00000cf8       0xef Drivers/CMSIS/DSP/Source/BasicMathFunctions/arm_dot_prod_f32.o
 .debug_macro   0x00000de7       0x6a Drivers/CMSIS/DSP/Source/BasicMathFunctions/arm_dot_prod_f32.o
 .debug_macro   0x00000e51      0x1df Drivers/CMSIS/DSP/Source/BasicMathFunctions/arm_dot_prod_f32.o
 .debug_macro   0x00001030       0x1c Drivers/CMSIS/DSP/Source/BasicMathFunctions/arm_dot_prod_f32.o
 .debug_macro   0x0000104c       0x22 Drivers/CMSIS/DSP/Source/BasicMathFunctions/arm_dot_prod_f32.o
 .debug_macro   0x0000106e       0xdf Drivers/CMSIS/DSP/Source/BasicMathFunctions/arm_dot_prod_f32.o
 .debug_macro   0x0000114d       0x12 Drivers/CMSIS/DSP/Source/BasicMathFunctions/arm_dot_prod_f32.o
 .debug_macro   0x0000115f       0x5e Drivers/CMSIS/DSP/Source/BasicMathFunctions/arm_dot_prod_f32.o
 .debug_macro   0x000011bd       0x18 Drivers/CMSIS/DSP/Source/BasicMathFunctions/arm_dot_prod_f32.o
 .debug_macro   0x000011d5       0x35 Drivers/CMSIS/DSP/Source/BasicMathFunctions/arm_dot_prod_f32.o
 .debug_macro   0x0000120a       0x34 Drivers/CMSIS/DSP/Source/BasicMathFunctions/arm_dot_prod_f32.o
 .debug_macro   0x0000123e      0x174 Drivers/CMSIS/DSP/Source/BasicMathFunctions/arm_dot_prod_f32.o
 .debug_macro   0x000013b2       0x58 Drivers/CMSIS/DSP/Source/BasicMathFunctions/arm_dot_prod_f32.o
 .debug_macro   0x0000140a       0x1f Drivers/CMSIS/DSP/Source/BasicMathFunctions/arm_dot_prod_f32.o
 .debug_macro   0x00001429       0x43 Drivers/CMSIS/DSP/Source/BasicMathFunctions/arm_dot_prod_f32.o
 .debug_macro   0x0000146c       0x20 Drivers/CMSIS/DSP/Source/BasicMathFunctions/arm_dot_prod_f32.o
 .debug_macro   0x0000148c      0x18e Drivers/CMSIS/DSP/Source/BasicMathFunctions/arm_dot_prod_f32.o
 .debug_macro   0x0000161a      0x32a Drivers/CMSIS/DSP/Source/BasicMathFunctions/arm_dot_prod_f32.o
 .debug_macro   0x00001944       0x10 Drivers/CMSIS/DSP/Source/BasicMathFunctions/arm_dot_prod_f32.o
 .debug_macro   0x00001954       0x35 Drivers/CMSIS/DSP/Source/BasicMathFunctions/arm_dot_prod_f32.o
 .debug_macro   0x00001989      0x1e1 Drivers/CMSIS/DSP/Source/BasicMathFunctions/arm_dot_prod_f32.o
 .debug_macro   0x00001b6a       0xd6 Drivers/CMSIS/DSP/Source/BasicMathFunctions/arm_dot_prod_f32.o
 .debug_macro   0x00001c40      0x23d Drivers/STM32F4xx_HAL_Driver/Src/stm32f4xx_hal.o
 .debug_macro   0x00001e7d      0x190 Drivers/STM32F4xx_HAL_Driver/Src/stm32f4xx_hal.o
 .debug_macro   0x0000200d       0x32 Drivers/STM32F4xx_HAL_Driver/Src/stm32f4xx_hal.o
 .debug_macro   0x0000203f       0x28 Drivers/STM32F4xx_HAL_Driver/Src/stm32f4xx_hal.o
 .debug_macro   0x00002067     0x102d Drivers/STM32F4xx_HAL_Driver/Src/stm32f4xx_hal.o
 .debug_macro   0x00003094      0x11f Drivers/STM32F4xx_HAL_Driver/Src/stm32f4xx_hal.o
 .debug_macro   0x000031b3    0x17f81 Drivers/STM32F4xx_HAL_Driver/Src/stm32f4xx_hal.o
 .debug_macro   0x0001b134       0x43 Drivers/STM32F4xx_HAL_Driver/Src/stm32f4xx_hal.o
 .debug_macro   0x0001b177     0x3644 Drivers/STM32F4xx_HAL_Driver/Src/stm32f4xx_hal.o
 .debug_macro   0x0001e7bb       0x4e Drivers/STM32F4xx_HAL_Driver/Src/stm32f4xx_hal.o
 .debug_macro   0x0001e809      0xca5 Drivers/STM32F4xx_HAL_Driver/Src/stm32f4xx_hal.o
 .debug_macro   0x0001f4ae      0x9fe Drivers/STM32F4xx_HAL_Driver/Src/stm32f4xx_hal.o
 .debug_macro   0x0001feac       0xed Drivers/STM32F4xx_HAL_Driver/Src/stm32f4xx_hal.o
 .debug_macro   0x0001ff99      0x117 Drivers/STM32F4xx_HAL_Driver/Src/stm32f4xx_hal.o
 .debug_macro   0x000200b0      0x157 Drivers/STM32F4xx_HAL_Driver/Src/stm32f4xx_hal.o
 .debug_macro   0x00020207       0x27 Drivers/STM32F4xx_HAL_Driver/Src/stm32f4xx_hal.o
 .debug_macro   0x0002022e      0x287 Drivers/STM32F4xx_HAL_Driver/Src/stm32f4xx_hal.o
 .debug_macro   0x000204b5       0x5f Drivers/STM32F4xx_HAL_Driver/Src/stm32f4xx_hal.o
 .debug_macro   0x00020514      0x236 Drivers/STM32F4xx_HAL_Driver/Src/stm32f4xx_hal.o
 .debug_macro   0x0002074a       0x22 Drivers/STM32F4xx_HAL_Driver/Src/stm32f4xx_hal.o
 .debug_macro   0x0002076c      0x132 Drivers/STM32F4xx_HAL_Driver/Src/stm32f4xx_hal.o
 .debug_macro   0x0002089e      0x41d Drivers/STM32F4xx_HAL_Driver/Src/stm32f4xx_hal.o
 .debug_macro   0x00020cbb       0x2e Drivers/STM32F4xx_HAL_Driver/Src/stm32f4xx_hal.o
 .debug_macro   0x00020ce9      0x1ae Drivers/STM32F4xx_HAL_Driver/Src/stm32f4xx_hal.o
 .debug_macro   0x00020e97       0x22 Drivers/STM32F4xx_HAL_Driver/Src/stm32f4xx_hal.o
 .debug_macro   0x00020eb9       0xd6 Drivers/STM32F4xx_HAL_Driver/Src/stm32f4xx_hal.o
 .debug_macro   0x00020f8f      0x11a Drivers/STM32F4xx_HAL_Driver/Src/stm32f4xx_hal.o
 .debug_macro   0x000210a9       0xe2 Drivers/STM32F4xx_HAL_Driver/Src/stm32f4xx_hal.o
 .debug_macro   0x0002118b       0x89 Drivers/STM32F4xx_HAL_Driver/Src/stm32f4xx_hal.o
 .debug_macro   0x00021214      0x287 Drivers/STM32F4xx_HAL_Driver/Src/stm32f4xx_hal.o
 .debug_macro   0x0002149b      0x134 Drivers/STM32F4xx_HAL_Driver/Src/stm32f4xx_hal.o
 .debug_macro   0x000215cf      0x1dd Drivers/STM32F4xx_HAL_Driver/Src/stm32f4xx_hal_cortex.o
 .debug_macro   0x000217ac      0x1dd Drivers/STM32F4xx_HAL_Driver/Src/stm32f4xx_hal_crc.o